Component: ARM Compiler 5.06 update 6 (build 750) Tool: armlink [4d35ed]

==============================================================================

Section Cross References

    hal_uart_driver.o(i.hal_uart_handle_interrupt) refers to hal_uart_driver.o(i.hal_uart_clear_error_flag) for hal_uart_clear_error_flag
    hal_uart_driver.o(i.hal_uart_handle_interrupt) refers to hal_uart_driver.o(i.hal_uart_handle_RXNE_interrupt) for hal_uart_handle_RXNE_interrupt
    hal_uart_driver.o(i.hal_uart_handle_interrupt) refers to hal_uart_driver.o(i.hal_uart_handle_TXE_interrupt) for hal_uart_handle_TXE_interrupt
    hal_uart_driver.o(i.hal_uart_handle_interrupt) refers to hal_uart_driver.o(i.hal_uart_handle_TC_interrupt) for hal_uart_handle_TC_interrupt
    hal_uart_driver.o(i.hal_uart_handle_interrupt) refers to hal_uart_driver.o(i.hal_uart_error_cb) for hal_uart_error_cb
    hal_uart_driver.o(i.hal_uart_init) refers to hal_uart_driver.o(i.hal_uart_configure_word_length) for hal_uart_configure_word_length
    hal_uart_driver.o(i.hal_uart_init) refers to hal_uart_driver.o(i.hal_uart_configure_stop_bits) for hal_uart_configure_stop_bits
    hal_uart_driver.o(i.hal_uart_init) refers to hal_uart_driver.o(i.hal_uart_configure_over_sampling) for hal_uart_configure_over_sampling
    hal_uart_driver.o(i.hal_uart_init) refers to hal_uart_driver.o(i.hal_uart_set_baud_rate) for hal_uart_set_baud_rate
    hal_uart_driver.o(i.hal_uart_init) refers to hal_uart_driver.o(i.hal_uart_enable_disable_tx) for hal_uart_enable_disable_tx
    hal_uart_driver.o(i.hal_uart_init) refers to hal_uart_driver.o(i.hal_uart_enable_disable_rx) for hal_uart_enable_disable_rx
    hal_uart_driver.o(i.hal_uart_init) refers to hal_uart_driver.o(i.hal_uart_enable) for hal_uart_enable
    hal_uart_driver.o(i.hal_uart_rx) refers to hal_uart_driver.o(i.hal_uart_configure_parity_error_interrupt) for hal_uart_configure_parity_error_interrupt
    hal_uart_driver.o(i.hal_uart_rx) refers to hal_uart_driver.o(i.hal_uart_configure_error_interrupt) for hal_uart_configure_error_interrupt
    hal_uart_driver.o(i.hal_uart_rx) refers to hal_uart_driver.o(i.hal_uart_configure_rxne_interrupt) for hal_uart_configure_rxne_interrupt
    hal_uart_driver.o(i.hal_uart_tx) refers to hal_uart_driver.o(i.hal_uart_enable) for hal_uart_enable
    hal_uart_driver.o(i.hal_uart_tx) refers to hal_uart_driver.o(i.hal_uart_configure_txe_interrupt) for hal_uart_configure_txe_interrupt
    hal_gpio_driver.o(i.hal_gpio_init) refers to hal_gpio_driver.o(i.hal_gpio_configure_pin_mode) for hal_gpio_configure_pin_mode
    hal_gpio_driver.o(i.hal_gpio_init) refers to hal_gpio_driver.o(i.hal_gpio_configure_pin_speed) for hal_gpio_configure_pin_speed
    hal_gpio_driver.o(i.hal_gpio_init) refers to hal_gpio_driver.o(i.hal_gpio_configure_pin_otype) for hal_gpio_configure_pin_otype
    hal_gpio_driver.o(i.hal_gpio_init) refers to hal_gpio_driver.o(i.hal_gpio_configure_pin_pupd) for hal_gpio_configure_pin_pupd
    uart_main.o(i.UART5_IRQHandler) refers to hal_uart_driver.o(i.hal_uart_handle_interrupt) for hal_uart_handle_interrupt
    uart_main.o(i.UART5_IRQHandler) refers to uart_main.o(.bss) for uart_handle
    uart_main.o(i.app_rx_cmp_callback) refers to uart_main.o(i.parse_cmd) for parse_cmd
    uart_main.o(i.app_rx_cmp_callback) refers to uart_main.o(.data) for rx_buffer
    uart_main.o(i.error_handler) refers to hal_uart_driver.o(i.hal_uart_tx) for hal_uart_tx
    uart_main.o(i.error_handler) refers to uart_main.o(.bss) for uart_handle
    uart_main.o(i.error_handler) refers to uart_main.o(.data) for message2
    uart_main.o(i.handle_cmd) refers to led.o(i.led_turn_on) for led_turn_on
    uart_main.o(i.handle_cmd) refers to hal_uart_driver.o(i.hal_uart_tx) for hal_uart_tx
    uart_main.o(i.handle_cmd) refers to led.o(i.led_turn_off) for led_turn_off
    uart_main.o(i.handle_cmd) refers to uart_main.o(i.error_handler) for error_handler
    uart_main.o(i.handle_cmd) refers to uart_main.o(.data) for message3
    uart_main.o(i.handle_cmd) refers to uart_main.o(.bss) for uart_handle
    uart_main.o(i.main) refers to noretval__2printf.o(.text) for __2printf
    uart_main.o(i.main) refers to led.o(i.led_init) for led_init
    uart_main.o(i.main) refers to uart_main.o(i.uart_gpio_init) for uart_gpio_init
    uart_main.o(i.main) refers to hal_uart_driver.o(i.hal_uart_init) for hal_uart_init
    uart_main.o(i.main) refers to hal_uart_driver.o(i.hal_uart_tx) for hal_uart_tx
    uart_main.o(i.main) refers to hal_uart_driver.o(i.hal_uart_rx) for hal_uart_rx
    uart_main.o(i.main) refers to uart_main.o(.bss) for uart_handle
    uart_main.o(i.main) refers to uart_main.o(i.app_tx_cmp_callback) for app_tx_cmp_callback
    uart_main.o(i.main) refers to uart_main.o(i.app_rx_cmp_callback) for app_rx_cmp_callback
    uart_main.o(i.main) refers to uart_main.o(.data) for message1
    uart_main.o(i.parse_cmd) refers to uart_main.o(i.handle_cmd) for handle_cmd
[...]
    fseek.o(.text) refers to retarget_io.o(i._sys_flen) for _sys_flen
    fseek.o(.text) refers to stdio.o(.text) for _seterr
    stdio.o(.text) refers to retarget_io.o(i._sys_seek) for _sys_seek
    stdio.o(.text) refers to retarget_io.o(i._sys_write) for _sys_write
    defsig_exit.o(.text) refers to sys_exit.o(.text) for _sys_exit
    defsig_rtred_inner.o(.text) refers to defsig_general.o(.text) for __default_signal_display
    argv_veneer.o(.emb_text) refers to no_argv.o(.text) for __ARM_get_argv
    sys_exit.o(.text) refers (Special) to use_no_semi.o(.text) for __I$use$semihosting
    sys_exit.o(.text) refers (Special) to indicate_semi.o(.text) for __semihosting_library_function
    rtexit2.o(.ARM.Collect$$rtexit$$00000003) refers to libshutdown.o(.ARM.Collect$$libshutdown$$00000000) for __rt_lib_shutdown
    rtexit2.o(.ARM.Collect$$rtexit$$00000004) refers to sys_exit.o(.text) for _sys_exit
    rtexit2.o(.ARM.exidx) refers to rtexit2.o(.ARM.Collect$$rtexit$$00000001) for .ARM.Collect$$rtexit$$00000001
    rtexit2.o(.ARM.exidx) refers to rtexit2.o(.ARM.Collect$$rtexit$$00000003) for .ARM.Collect$$rtexit$$00000003
    rtexit2.o(.ARM.exidx) refers to rtexit2.o(.ARM.Collect$$rtexit$$00000004) for .ARM.Collect$$rtexit$$00000004
    maybetermalloc2.o(.emb_text) refers (Special) to term_alloc.o(.text) for _terminate_alloc
    h1_extend.o(.text) refers to h1_free.o(.text) for free
    h1_init_mt.o(.text) refers to mutex_dummy.o(.text) for _mutex_initialize
    h1_extend_mt.o(.text) refers to h1_free_mt.o(.text) for _free_internal
    ftell.o(.text) refers to rt_errno_addr_intlibspace.o(.text) for __aeabi_errno_addr
    __raise.o(.text) refers to defsig.o(CL$$defsig) for __default_signal_handler
    defsig_general.o(.text) refers to sys_wrch.o(.text) for _ttywrch
    defsig_rtmem_outer.o(.text) refers to defsig_rtmem_inner.o(.text) for __rt_SIGRTMEM_inner
    defsig_rtmem_outer.o(.text) refers to defsig_exit.o(.text) for __sig_exit
    defsig_rtmem_formal.o(.text) refers to rt_raise.o(.text) for __rt_raise
    heapauxa.o(.text) refers to heapauxa.o(.data) for .data
    _get_argv.o(.text) refers (Special) to hrguard.o(.text) for __heap_region$guard
    _get_argv.o(.text) refers to h1_alloc.o(.text) for malloc
    _get_argv.o(.text) refers to defsig_rtmem_outer.o(.text) for __rt_SIGRTMEM
    _get_argv.o(.text) refers to sys_command.o(.text) for _sys_command_string
    _get_argv_nomalloc.o(.text) refers (Special) to hrguard.o(.text) for __heap_region$guard
    _get_argv_nomalloc.o(.text) refers to defsig_rtmem_outer.o(.text) for __rt_SIGRTMEM
    _get_argv_nomalloc.o(.text) refers to sys_command.o(.text) for _sys_command_string
    sys_wrch.o(.text) refers (Special) to use_no_semi.o(.text) for __I$use$semihosting
    sys_wrch.o(.text) refers (Special) to indicate_semi.o(.text) for __semihosting_library_function
    sys_command.o(.text) refers (Special) to use_no_semi.o(.text) for __I$use$semihosting
    sys_command.o(.text) refers (Special) to indicate_semi.o(.text) for __semihosting_library_function
    rt_errno_addr.o(.text) refers to rt_errno_addr.o(.bss) for __aeabi_errno_addr_data
    rt_errno_addr_intlibspace.o(.text) refers to libspace.o(.bss) for __libspace_start
    term_alloc.o(.text) refers (Special) to libshutdown2.o(.ARM.Collect$$libshutdown$$0000000E) for __rt_lib_shutdown_heap_2
    term_alloc.o(.text) refers to rt_heap_descriptor_intlibspace.o(.text) for __rt_heap_descriptor
    term_alloc.o(.text) refers to h1_final.o(.text) for __Heap_Finalize
    defsig_rtmem_inner.o(.text) refers to defsig_general.o(.text) for __default_signal_display
    defsig.o(CL$$defsig) refers to defsig_rtred_inner.o(.text) for __rt_SIGRTRED_inner
    defsig.o(CL$$defsig) refers to defsig_rtmem_inner.o(.text) for __rt_SIGRTMEM_inner
    libshutdown.o(.ARM.Collect$$libshutdown$$00000000) refers (Special) to libshutdown2.o(.ARM.Collect$$libshutdown$$00000002) for __rt_lib_shutdown_cpp_1
    libshutdown.o(.ARM.Collect$$libshutdown$$00000000) refers (Special) to libshutdown2.o(.ARM.Collect$$libshutdown$$00000007) for __rt_lib_shutdown_fp_trap_1
    libshutdown.o(.ARM.Collect$$libshutdown$$00000000) refers (Special) to libshutdown2.o(.ARM.Collect$$libshutdown$$0000000F) for __rt_lib_shutdown_heap_1
    libshutdown.o(.ARM.Collect$$libshutdown$$00000000) refers (Special) to libshutdown2.o(.ARM.Collect$$libshutdown$$00000010) for __rt_lib_shutdown_return
    libshutdown.o(.ARM.Collect$$libshutdown$$00000000) refers (Special) to libshutdown2.o(.ARM.Collect$$libshutdown$$0000000A) for __rt_lib_shutdown_signal_1
    libshutdown.o(.ARM.Collect$$libshutdown$$00000000) refers (Special) to libshutdown2.o(.ARM.Collect$$libshutdown$$00000004) for __rt_lib_shutdown_stdio_1
    libshutdown.o(.ARM.Collect$$libshutdown$$00000000) refers (Special) to libshutdown2.o(.ARM.Collect$$libshutdown$$0000000C) for __rt_lib_shutdown_user_alloc_1
    defsig_abrt_inner.o(.text) refers to defsig_general.o(.text) for __default_signal_display
    defsig_fpe_inner.o(.text) refers to defsig_general.o(.text) for __default_signal_display
    defsig_stak_inner.o(.text) refers to defsig_general.o(.text) for __default_signal_display
    defsig_pvfn_inner.o(.text) refers to defsig_general.o(.text) for __default_signal_display
    defsig_cppl_inner.o(.text) refers to defsig_general.o(.text) for __default_signal_display
    defsig_segv_inner.o(.text) refers to defsig_general.o(.text) for __default_signal_display
    defsig_other.o(.text) refers to defsig_general.o(.text) for __default_signal_display


==============================================================================

Removing Unused input sections from the image.

    Removing hal_uart_driver.o(.rev16_text), (4 bytes).
    Removing hal_uart_driver.o(.revsh_text), (4 bytes).
    Removing hal_uart_driver.o(.rrx_text), (6 bytes).
    Removing hal_uart_driver.o(i.hal_uart_disable), (10 bytes).
    Removing hal_gpio_driver.o(.rev16_text), (4 bytes).
    Removing hal_gpio_driver.o(.revsh_text), (4 bytes).
    Removing hal_gpio_driver.o(.rrx_text), (6 bytes).
    Removing hal_gpio_driver.o(i.hal_gpio_clear_interrupt), (32 bytes).
    Removing hal_gpio_driver.o(i.hal_gpio_configure_interrupt), (84 bytes).
    Removing hal_gpio_driver.o(i.hal_gpio_enable_interrupt), (52 bytes).
    Removing hal_gpio_driver.o(i.hal_gpio_read_from_pin), (12 bytes).
    Removing uart_main.o(.rev16_text), (4 bytes).
    Removing uart_main.o(.revsh_text), (4 bytes).
    Removing uart_main.o(.rrx_text), (6 bytes).
    Removing led.o(.rev16_text), (4 bytes).
    Removing led.o(.revsh_text), (4 bytes).
    Removing led.o(.rrx_text), (6 bytes).
    Removing led.o(i.led_toggle), (40 bytes).
    Removing retarget_io.o(i._sys_read), (76 bytes).
    Removing retarget_io.o(i.stdin_getchar), (8 bytes).
    Removing system_stm32f4xx.o(.rev16_text), (4 bytes).
    Removing system_stm32f4xx.o(.revsh_text), (4 bytes).
    Removing system_stm32f4xx.o(.rrx_text), (6 bytes).
    Removing system_stm32f4xx.o(i.SystemCoreClockUpdate), (192 bytes).
    Removing system_stm32f4xx.o(.constdata), (24 bytes).
    Removing system_stm32f4xx.o(.data), (4 bytes).

26 unused section(s) (total 604 bytes) removed from the image.

==============================================================================

Image Symbol Table

    Local Symbols

    Symbol Name                              Value     Ov Type        Size  Object(Section)

    ../clib/angel/boardlib.s                 0x00000000   Number         0  boardinit3.o ABSOLUTE
    ../clib/angel/boardlib.s                 0x00000000   Number         0  boardshut.o ABSOLUTE
    ../clib/angel/boardlib.s                 0x00000000   Number         0  boardinit2.o ABSOLUTE
    ../clib/angel/boardlib.s                 0x00000000   Number         0  boardinit1.o ABSOLUTE
    ../clib/angel/handlers.s                 0x00000000   Number         0  __scatter_copy.o ABSOLUTE
    ../clib/angel/handlers.s                 0x00000000   Number         0  __scatter_zi.o ABSOLUTE
    ../clib/angel/kernel.s                   0x00000000   Number         0  rtexit.o ABSOLUTE
    ../clib/angel/kernel.s                   0x00000000   Number         0  __rtentry4.o ABSOLUTE
    ../clib/angel/kernel.s                   0x00000000   Number         0  __rtentry2.o ABSOLUTE
    ../clib/angel/kernel.s                   0x00000000   Number         0  __rtentry.o ABSOLUTE
    ../clib/angel/kernel.s                   0x00000000   Number         0  rtexit2.o ABSOLUTE
    ../clib/angel/rt.s                       0x00000000   Number         0  rt_raise.o ABSOLUTE
    ../clib/angel/rt.s                       0x00000000   Number         0  rt_heap_descriptor.o ABSOLUTE
    ../clib/angel/rt.s                       0x00000000   Number         0  rt_heap_descriptor_intlibspace.o ABSOLUTE
    ../clib/angel/rt.s                       0x00000000   Number         0  rt_errno_addr_intlibspace.o ABSOLUTE
    ../clib/angel/rt.s                       0x00000000   Number         0  rt_errno_addr.o ABSOLUTE
    ../clib/angel/scatter.s                  0x00000000   Number         0  __scatter.o ABSOLUTE
    ../clib/angel/startup.s                  0x00000000   Number         0  __main.o ABSOLUTE
    ../clib/angel/sys.s                      0x00000000   Number         0  use_no_semi.o ABSOLUTE
    ../clib/angel/sys.s                      0x00000000   Number         0  libspace.o ABSOLUTE
    ../clib/angel/sys.s                      0x00000000   Number         0  mutex_dummy.o ABSOLUTE
    ../clib/angel/sys.s                      0x00000000   Number         0  sys_stackheap_outer.o ABSOLUTE
    ../clib/angel/sys.s                      0x00000000   Number         0  indicate_semi.o ABSOLUTE
    ../clib/angel/sysapp.c                   0x00000000   Number         0  sys_command.o ABSOLUTE
    ../clib/angel/sysapp.c                   0x00000000   Number         0  sys_wrch.o ABSOLUTE
    ../clib/angel/sysapp.c                   0x00000000   Number         0  sys_exit.o ABSOLUTE
    ../clib/armsys.c                         0x00000000   Number         0  _get_argv_nomalloc.o ABSOLUTE
    ../clib/armsys.c                         0x00000000   Number         0  no_argv.o ABSOLUTE
    ../clib/armsys.c                         0x00000000   Number         0  argv_veneer.o ABSOLUTE
    ../clib/armsys.c                         0x00000000   Number         0  argv_veneer.o ABSOLUTE
    ../clib/armsys.c                         0x00000000   Number         0  _get_argv.o ABSOLUTE
    ../clib/heap1.c                          0x00000000   Number         0  h1_extend_mt.o ABSOLUTE
    ../clib/heap1.c                          0x00000000   Number         0  h1_init_mt.o ABSOLUTE
    ../clib/heap1.c                          0x00000000   Number         0  h1_extend.o ABSOLUTE
    ../clib/heap1.c                          0x00000000   Number         0  h1_init.o ABSOLUTE
    ../clib/heap1.c                          0x00000000   Number         0  h1_free.o ABSOLUTE
    ../clib/heap1.c                          0x00000000   Number         0  h1_alloc_mt.o ABSOLUTE
    ../clib/heap1.c                          0x00000000   Number         0  h1_free_mt.o ABSOLUTE
    ../clib/heap1.c                          0x00000000   Number         0  h1_final_mt.o ABSOLUTE
    ../clib/heap1.c                          0x00000000   Number         0  h1_final.o ABSOLUTE
    ../clib/heap1.c                          0x00000000   Number         0  h1_alloc.o ABSOLUTE
    ../clib/heap2.c                          0x00000000   Number         0  heap2.o ABSOLUTE
    ../clib/heap2.c                          0x00000000   Number         0  heap2mt.o ABSOLUTE
    ../clib/heap2.c                          0x00000000   Number         0  fdtree.o ABSOLUTE
    ../clib/heapalloc.c                      0x00000000   Number         0  maybetermalloc1.o ABSOLUTE
    ../clib/heapalloc.c                      0x00000000   Number         0  malloc.o ABSOLUTE
    ../clib/heapalloc.c                      0x00000000   Number         0  free.o ABSOLUTE
    ../clib/heapalloc.c                      0x00000000   Number         0  maybetermalloc2.o ABSOLUTE
    ../clib/heapalloc.c                      0x00000000   Number         0  heapstubs.o ABSOLUTE
    ../clib/heapalloc.c                      0x00000000   Number         0  maybetermalloc1.o ABSOLUTE
    ../clib/heapalloc.c                      0x00000000   Number         0  hrguard.o ABSOLUTE
    ../clib/heapalloc.c                      0x00000000   Number         0  term_alloc.o ABSOLUTE
    ../clib/heapalloc.c                      0x00000000   Number         0  maybetermalloc2.o ABSOLUTE
    ../clib/heapalloc.c                      0x00000000   Number         0  init_alloc.o ABSOLUTE
    ../clib/heapalloc.c                      0x00000000   Number         0  hguard.o ABSOLUTE
    ../clib/heapaux.c                        0x00000000   Number         0  heapauxa.o ABSOLUTE
    ../clib/heapaux.c                        0x00000000   Number         0  heapauxi.o ABSOLUTE
    ../clib/libinit.s                        0x00000000   Number         0  libinit2.o ABSOLUTE
    ../clib/libinit.s                        0x00000000   Number         0  libinit.o ABSOLUTE
    ../clib/libinit.s                        0x00000000   Number         0  libshutdown.o ABSOLUTE
    ../clib/libinit.s                        0x00000000   Number         0  libshutdown2.o ABSOLUTE
    ../clib/memcpset.s                       0x00000000   Number         0  rt_memclr_w.o ABSOLUTE
    ../clib/memcpset.s                       0x00000000   Number         0  strcmpv7m.o ABSOLUTE
    ../clib/memcpset.s                       0x00000000   Number         0  rt_memcpy_w.o ABSOLUTE
    ../clib/printf.c                         0x00000000   Number         0  __2printf.o ABSOLUTE
    ../clib/printf.c                         0x00000000   Number         0  __printf_nopercent.o ABSOLUTE
    ../clib/printf.c                         0x00000000   Number         0  _printf_char_file.o ABSOLUTE
    ../clib/printf.c                         0x00000000   Number         0  _printf_char_common.o ABSOLUTE
    ../clib/printf.c                         0x00000000   Number         0  noretval__2printf.o ABSOLUTE
    ../clib/signal.c                         0x00000000   Number         0  defsig_other.o ABSOLUTE
    ../clib/signal.c                         0x00000000   Number         0  defsig_rtred_inner.o ABSOLUTE
    ../clib/signal.c                         0x00000000   Number         0  defsig_exit.o ABSOLUTE
    ../clib/signal.c                         0x00000000   Number         0  defsig_fpe_inner.o ABSOLUTE
    ../clib/signal.c                         0x00000000   Number         0  defsig_general.o ABSOLUTE
    ../clib/signal.c                         0x00000000   Number         0  defsig_abrt_inner.o ABSOLUTE
    ../clib/signal.c                         0x00000000   Number         0  defsig_rtmem_outer.o ABSOLUTE
    ../clib/signal.c                         0x00000000   Number         0  defsig_rtred_outer.o ABSOLUTE
    ../clib/signal.c                         0x00000000   Number         0  __raise.o ABSOLUTE
    ../clib/signal.c                         0x00000000   Number         0  defsig_segv_inner.o ABSOLUTE
    ../clib/signal.c                         0x00000000   Number         0  defsig_stak_inner.o ABSOLUTE
    ../clib/signal.c                         0x00000000   Number         0  defsig_rtmem_formal.o ABSOLUTE
    ../clib/signal.c                         0x00000000   Number         0  defsig_rtred_formal.o ABSOLUTE
    ../clib/signal.c                         0x00000000   Number         0  defsig_rtmem_inner.o ABSOLUTE
    ../clib/signal.c                         0x00000000   Number         0  defsig_pvfn_inner.o ABSOLUTE
    ../clib/signal.c                         0x00000000   Number         0  defsig_cppl_inner.o ABSOLUTE
    ../clib/signal.s                         0x00000000   Number         0  defsig.o ABSOLUTE
    ../clib/stdio.c                          0x00000000   Number         0  setvbuf.o ABSOLUTE
    ../clib/stdio.c                          0x00000000   Number         0  ftell.o ABSOLUTE
    ../clib/stdio.c                          0x00000000   Number         0  fseek.o ABSOLUTE
    ../clib/stdio.c                          0x00000000   Number         0  stdio_streams.o ABSOLUTE
    ../clib/stdio.c                          0x00000000   Number         0  streamlock.o ABSOLUTE
    ../clib/stdio.c                          0x00000000   Number         0  initio_locked.o ABSOLUTE
    ../clib/stdio.c                          0x00000000   Number         0  stdio.o ABSOLUTE
    ../clib/stdio.c                          0x00000000   Number         0  fopen.o ABSOLUTE
    ../clib/stdio.c                          0x00000000   Number         0  fclose.o ABSOLUTE
    ../clib/stdio.c                          0x00000000   Number         0  ferror.o ABSOLUTE
    ../clib/stdio.c                          0x00000000   Number         0  setvbuf_locked.o ABSOLUTE
    ../clib/stdio.c                          0x00000000   Number         0  initio.o ABSOLUTE
    ../clib/stdio.c                          0x00000000   Number         0  fopen_locked.o ABSOLUTE
    ../clib/stdio.c                          0x00000000   Number         0  ferror_locked.o ABSOLUTE
    ../clib/stdlib.c                         0x00000000   Number         0  exit.o ABSOLUTE
    ../fplib/fpinit.s                        0x00000000   Number         0  fpinit.o ABSOLUTE
    D:\Keil\ARM\PACK\Keil\ARM_Compiler\1.6.1\Source\retarget_io.c 0x00000000   Number         0  retarget_io.o ABSOLUTE
    RTE\Device\STM32F429ZITx\startup_stm32f429xx.s 0x00000000   Number         0  startup_stm32f429xx.o ABSOLUTE
    RTE\Device\STM32F429ZITx\system_stm32f4xx.c 0x00000000   Number         0  system_stm32f4xx.o ABSOLUTE
    RTE\\Device\\STM32F429ZITx\\system_stm32f4xx.c 0x00000000   Number         0  system_stm32f4xx.o ABSOLUTE
    dc.s                                     0x00000000   Number         0  dc.o ABSOLUTE
    hal_gpio_driver.c                        0x00000000   Number         0  hal_gpio_driver.o ABSOLUTE
    hal_gpio_driver.c                        0x00000000   Number         0  hal_gpio_driver.o ABSOLUTE
    hal_uart_driver.c                        0x00000000   Number         0  hal_uart_driver.o ABSOLUTE
    hal_uart_driver.c                        0x00000000   Number         0  hal_uart_driver.o ABSOLUTE
    led.c                                    0x00000000   Number         0  led.o ABSOLUTE
    led.c                                    0x00000000   Number         0  led.o ABSOLUTE
    uart_main.c                              0x00000000   Number         0  uart_main.o ABSOLUTE
    uart_main.c                              0x00000000   Number         0  uart_main.o ABSOLUTE
    RESET                                    0x08000000   Section      428  startup_stm32f429xx.o(RESET)
    !!!main                                  0x080001ac   Section        8  __main.o(!!!main)
    !!!scatter                               0x080001b4   Section       52  __scatter.o(!!!scatter)
    !!handler_copy                           0x080001e8   Section       26  __scatter_copy.o(!!handler_copy)
    !!handler_zi                             0x08000204   Section       28  __scatter_zi.o(!!handler_zi)
    .ARM.Collect$$libinit$$00000000          0x08000220   Section        2  libinit.o(.ARM.Collect$$libinit$$00000000)
    .ARM.Collect$$libinit$$00000001          0x08000222   Section        4  libinit2.o(.ARM.Collect$$libinit$$00000001)
    .ARM.Collect$$libinit$$00000004          0x08000226   Section        0  libinit2.o(.ARM.Collect$$libinit$$00000004)
    .ARM.Collect$$libinit$$00000005          0x08000226   Section        8  libinit2.o(.ARM.Collect$$libinit$$00000005)
    .ARM.Collect$$libinit$$0000000A          0x0800022e   Section        0  libinit2.o(.ARM.Collect$$libinit$$0000000A)
    .ARM.Collect$$libinit$$0000000C          0x0800022e   Section        0  libinit2.o(.ARM.Collect$$libinit$$0000000C)
    .ARM.Collect$$libinit$$0000000E          0x0800022e   Section        0  libinit2.o(.ARM.Collect$$libinit$$0000000E)
    .ARM.Collect$$libinit$$00000011          0x0800022e   Section        0  libinit2.o(.ARM.Collect$$libinit$$00000011)
    .ARM.Collect$$libinit$$00000013          0x0800022e   Section        0  libinit2.o(.ARM.Collect$$libinit$$00000013)
    .ARM.Collect$$libinit$$00000015          0x0800022e   Section        0  libinit2.o(.ARM.Collect$$libinit$$00000015)
    .ARM.Collect$$libinit$$00000017          0x0800022e   Section        0  libinit2.o(.ARM.Collect$$libinit$$00000017)
    .ARM.Collect$$libinit$$00000019          0x0800022e   Section        0  libinit2.o(.ARM.Collect$$libinit$$00000019)
    .ARM.Collect$$libinit$$0000001B          0x0800022e   Section        0  libinit2.o(.ARM.Collect$$libinit$$0000001B)
    .ARM.Collect$$libinit$$0000001D          0x0800022e   Section        0  libinit2.o(.ARM.Collect$$libinit$$0000001D)
    .ARM.Collect$$libinit$$0000001F          0x0800022e   Section        0  libinit2.o(.ARM.Collect$$libinit$$0000001F)
    .ARM.Collect$$libinit$$00000021          0x0800022e   Section        0  libinit2.o(.ARM.Collect$$libinit$$00000021)
    .ARM.Collect$$libinit$$00000023          0x0800022e   Section        0  libinit2.o(.ARM.Collect$$libinit$$00000023)
    .ARM.Collect$$libinit$$00000024          0x0800022e   Section        4  libinit2.o(.ARM.Collect$$libinit$$00000024)
    .ARM.Collect$$libinit$$00000025          0x08000232   Section        0  libinit2.o(.ARM.Collect$$libinit$$00000025)
    .ARM.Collect$$libinit$$0000002C          0x08000232   Section        0  libinit2.o(.ARM.Collect$$libinit$$0000002C)
    .ARM.Collect$$libinit$$0000002E          0x08000232   Section        0  libinit2.o(.ARM.Collect$$libinit$$0000002E)
    .ARM.Collect$$libinit$$00000030          0x08000232   Section        0  libinit2.o(.ARM.Collect$$libinit$$00000030)
    .ARM.Collect$$libinit$$00000032          0x08000232   Section        0  libinit2.o(.ARM.Collect$$libinit$$00000032)
    .ARM.Collect$$libinit$$00000033          0x08000232   Section        2  libinit2.o(.ARM.Collect$$libinit$$00000033)
    .ARM.Collect$$libshutdown$$00000000      0x08000234   Section        2  libshutdown.o(.ARM.Collect$$libshutdown$$00000000)
    .ARM.Collect$$libshutdown$$00000002      0x08000236   Section        0  libshutdown2.o(.ARM.Collect$$libshutdown$$00000002)
    .ARM.Collect$$libshutdown$$00000003      0x08000236   Section        4  libshutdown2.o(.ARM.Collect$$libshutdown$$00000003)
    .ARM.Collect$$libshutdown$$00000004      0x0800023a   Section        0  libshutdown2.o(.ARM.Collect$$libshutdown$$00000004)
    .ARM.Collect$$libshutdown$$00000007      0x0800023a   Section        0  libshutdown2.o(.ARM.Collect$$libshutdown$$00000007)
    .ARM.Collect$$libshutdown$$0000000A      0x0800023a   Section        0  libshutdown2.o(.ARM.Collect$$libshutdown$$0000000A)
    .ARM.Collect$$libshutdown$$0000000C      0x0800023a   Section        0  libshutdown2.o(.ARM.Collect$$libshutdown$$0000000C)
    .ARM.Collect$$libshutdown$$0000000F      0x0800023a   Section        0  libshutdown2.o(.ARM.Collect$$libshutdown$$0000000F)
    .ARM.Collect$$libshutdown$$00000010      0x0800023a   Section        2  libshutdown2.o(.ARM.Collect$$libshutdown$$00000010)
    .ARM.Collect$$rtentry$$00000000          0x0800023c   Section        0  __rtentry.o(.ARM.Collect$$rtentry$$00000000)
    .ARM.Collect$$rtentry$$00000002          0x0800023c   Section        0  __rtentry2.o(.ARM.Collect$$rtentry$$00000002)
    .ARM.Collect$$rtentry$$00000004          0x0800023c   Section        6  __rtentry4.o(.ARM.Collect$$rtentry$$00000004)
    .ARM.Collect$$rtentry$$00000009          0x08000242   Section        0  __rtentry2.o(.ARM.Collect$$rtentry$$00000009)
    .ARM.Collect$$rtentry$$0000000A          0x08000242   Section        4  __rtentry2.o(.ARM.Collect$$rtentry$$0000000A)
    .ARM.Collect$$rtentry$$0000000C          0x08000246   Section        0  __rtentry2.o(.ARM.Collect$$rtentry$$0000000C)
    .ARM.Collect$$rtentry$$0000000D          0x08000246   Section        8  __rtentry2.o(.ARM.Collect$$rtentry$$0000000D)
    .ARM.Collect$$rtexit$$00000000           0x0800024e   Section        2  rtexit.o(.ARM.Collect$$rtexit$$00000000)
    .ARM.Collect$$rtexit$$00000002           0x08000250   Section        0  rtexit2.o(.ARM.Collect$$rtexit$$00000002)
    .ARM.Collect$$rtexit$$00000003           0x08000250   Section        4  rtexit2.o(.ARM.Collect$$rtexit$$00000003)
    .ARM.Collect$$rtexit$$00000004           0x08000254   Section        6  rtexit2.o(.ARM.Collect$$rtexit$$00000004)
    .emb_text                                0x0800025c   Section        0  maybetermalloc1.o(.emb_text)
    .text                                    0x0800025c   Section       64  startup_stm32f429xx.o(.text)
    $v0                                      0x0800025c   Number         0  startup_stm32f429xx.o(.text)
    .text                                    0x0800029c   Section        0  noretval__2printf.o(.text)
    .text                                    0x080002b4   Section      128  strcmpv7m.o(.text)
    .text                                    0x08000334   Section        0  heapauxi.o(.text)
    .text                                    0x0800033c   Section        0  _printf_char_file.o(.text)
    .text                                    0x08000360   Section        0  _printf_char_common.o(.text)
    _printf_input_char                       0x08000361   Thumb Code    10  _printf_char_common.o(.text)
    .text                                    0x08000390   Section        0  ferror.o(.text)
    .text                                    0x08000398   Section        0  initio.o(.text)
    .text                                    0x080004d0   Section       74  sys_stackheap_outer.o(.text)
    .text                                    0x0800051a   Section        0  h1_free.o(.text)
    .text                                    0x08000568   Section        0  __printf_nopercent.o(.text)
    .text                                    0x08000590   Section        0  setvbuf.o(.text)
    .text                                    0x080005d8   Section        0  fopen.o(.text)
    _freopen_locked                          0x080005d9   Thumb Code     0  fopen.o(.text)
    .text                                    0x080006c4   Section        0  fclose.o(.text)
    .text                                    0x08000710   Section        0  exit.o(.text)
    .text                                    0x08000722   Section        0  defsig_rtred_outer.o(.text)
    .text                                    0x08000730   Section       78  rt_memclr_w.o(.text)
    .text                                    0x08000780   Section        8  libspace.o(.text)
    .text                                    0x08000788   Section        8  rt_heap_descriptor_intlibspace.o(.text)
    .text                                    0x08000790   Section        0  hguard.o(.text)
    .text                                    0x08000794   Section        0  init_alloc.o(.text)
    .text                                    0x0800081e   Section        0  h1_alloc.o(.text)
    .text                                    0x0800087c   Section        0  fseek.o(.text)
    .text                                    0x08000974   Section        0  stdio.o(.text)
    .text                                    0x08000a64   Section        0  defsig_exit.o(.text)
    .text                                    0x08000a70   Section        0  defsig_rtred_inner.o(.text)
    .text                                    0x08000aa4   Section        0  sys_exit.o(.text)
    .text                                    0x08000ab0   Section        0  h1_init.o(.text)
    .text                                    0x08000abe   Section        0  h1_extend.o(.text)
    .text                                    0x08000af2   Section        0  ftell.o(.text)
    .text                                    0x08000b34   Section        0  defsig_general.o(.text)
    .text                                    0x08000b66   Section        0  defsig_rtmem_outer.o(.text)
    .text                                    0x08000b74   Section        0  sys_wrch.o(.text)
    .text                                    0x08000b82   Section        2  use_no_semi.o(.text)
    .text                                    0x08000b84   Section        8  rt_errno_addr_intlibspace.o(.text)
    .text                                    0x08000b84   Section        0  indicate_semi.o(.text)
    .text                                    0x08000b8c   Section        0  defsig_rtmem_inner.o(.text)
    i.SystemInit                             0x08000bdc   Section        0  system_stm32f4xx.o(i.SystemInit)
    i.UART5_IRQHandler                       0x08000c40   Section        0  uart_main.o(i.UART5_IRQHandler)
    i._sys_close                             0x08000c50   Section        0  retarget_io.o(i._sys_close)
    i._sys_flen                              0x08000c76   Section        0  retarget_io.o(i._sys_flen)
    i._sys_istty                             0x08000c9a   Section        0  retarget_io.o(i._sys_istty)
    i._sys_open                              0x08000cc0   Section        0  retarget_io.o(i._sys_open)
    i._sys_seek                              0x08000d28   Section        0  retarget_io.o(i._sys_seek)
    i._sys_write                             0x08000d54   Section        0  retarget_io.o(i._sys_write)
    i.app_rx_cmp_callback                    0x08000dac   Section        0  uart_main.o(i.app_rx_cmp_callback)
    i.app_tx_cmp_callback                    0x08000dbc   Section        0  uart_main.o(i.app_tx_cmp_callback)
    i.error_handler                          0x08000dc0   Section        0  uart_main.o(i.error_handler)
    i.fputc                                  0x08000de4   Section        0  uart_main.o(i.fputc)
    i.hal_gpio_configure_pin_mode            0x08000e1c   Section        0  hal_gpio_driver.o(i.hal_gpio_configure_pin_mode)
    i.hal_gpio_configure_pin_otype           0x08000e2c   Section        0  hal_gpio_driver.o(i.hal_gpio_configure_pin_otype)
    i.hal_gpio_configure_pin_pupd            0x08000e3a   Section        0  hal_gpio_driver.o(i.hal_gpio_configure_pin_pupd)
    i.hal_gpio_configure_pin_speed           0x08000e4a   Section        0  hal_gpio_driver.o(i.hal_gpio_configure_pin_speed)
    i.hal_gpio_init                          0x08000e5a   Section        0  hal_gpio_driver.o(i.hal_gpio_init)
    i.hal_gpio_set_alt_function              0x08000e92   Section        0  hal_gpio_driver.o(i.hal_gpio_set_alt_function)
    i.hal_gpio_write_to_pin                  0x08000ec2   Section        0  hal_gpio_driver.o(i.hal_gpio_write_to_pin)
    i.hal_uart_clear_error_flag              0x08000ede   Section        0  hal_uart_driver.o(i.hal_uart_clear_error_flag)
    i.hal_uart_configure_error_interrupt     0x08000eea   Section        0  hal_uart_driver.o(i.hal_uart_configure_error_interrupt)
    i.hal_uart_configure_over_sampling       0x08000f00   Section        0  hal_uart_driver.o(i.hal_uart_configure_over_sampling)
    i.hal_uart_configure_parity_error_interrupt 0x08000f0c   Section        0  hal_uart_driver.o(i.hal_uart_configure_parity_error_interrupt)
    i.hal_uart_configure_rxne_interrupt      0x08000f22   Section        0  hal_uart_driver.o(i.hal_uart_configure_rxne_interrupt)
    i.hal_uart_configure_stop_bits           0x08000f38   Section        0  hal_uart_driver.o(i.hal_uart_configure_stop_bits)
    i.hal_uart_configure_txe_interrupt       0x08000f70   Section        0  hal_uart_driver.o(i.hal_uart_configure_txe_interrupt)
    i.hal_uart_configure_word_length         0x08000f86   Section        0  hal_uart_driver.o(i.hal_uart_configure_word_length)
    i.hal_uart_enable                        0x08000f9c   Section        0  hal_uart_driver.o(i.hal_uart_enable)
    i.hal_uart_enable_disable_rx             0x08000fa6   Section        0  hal_uart_driver.o(i.hal_uart_enable_disable_rx)
    i.hal_uart_enable_disable_tx             0x08000fc0   Section        0  hal_uart_driver.o(i.hal_uart_enable_disable_tx)
    i.hal_uart_error_cb                      0x08000fda   Section        0  hal_uart_driver.o(i.hal_uart_error_cb)
    i.hal_uart_handle_RXNE_interrupt         0x08000fde   Section        0  hal_uart_driver.o(i.hal_uart_handle_RXNE_interrupt)
    hal_uart_handle_RXNE_interrupt           0x08000fdf   Thumb Code   116  hal_uart_driver.o(i.hal_uart_handle_RXNE_interrupt)
    i.hal_uart_handle_TC_interrupt           0x08001052   Section        0  hal_uart_driver.o(i.hal_uart_handle_TC_interrupt)
    hal_uart_handle_TC_interrupt             0x08001053   Thumb Code    36  hal_uart_driver.o(i.hal_uart_handle_TC_interrupt)
    i.hal_uart_handle_TXE_interrupt          0x08001076   Section        0  hal_uart_driver.o(i.hal_uart_handle_TXE_interrupt)
    hal_uart_handle_TXE_interrupt            0x08001077   Thumb Code    60  hal_uart_driver.o(i.hal_uart_handle_TXE_interrupt)
    i.hal_uart_handle_interrupt              0x080010b2   Section        0  hal_uart_driver.o(i.hal_uart_handle_interrupt)
    i.hal_uart_init                          0x080011a6   Section        0  hal_uart_driver.o(i.hal_uart_init)
    i.hal_uart_rx                            0x080011f0   Section        0  hal_uart_driver.o(i.hal_uart_rx)
    i.hal_uart_set_baud_rate                 0x08001222   Section        0  hal_uart_driver.o(i.hal_uart_set_baud_rate)
    i.hal_uart_tx                            0x08001240   Section        0  hal_uart_driver.o(i.hal_uart_tx)
    i.handle_cmd                             0x08001264   Section        0  uart_main.o(i.handle_cmd)
    i.led_init                               0x080012d0   Section        0  led.o(i.led_init)
    i.led_turn_off                           0x08001314   Section        0  led.o(i.led_turn_off)
    i.led_turn_on                            0x08001326   Section        0  led.o(i.led_turn_on)
    i.main                                   0x08001338   Section        0  uart_main.o(i.main)
    i.parse_cmd                              0x080013f8   Section        0  uart_main.o(i.parse_cmd)
    i.stderr_putchar                         0x08001444   Section        0  retarget_io.o(i.stderr_putchar)
    stderr_putchar                           0x08001445   Thumb Code     4  retarget_io.o(i.stderr_putchar)
    i.stdout_putchar                         0x08001448   Section        0  retarget_io.o(i.stdout_putchar)
    stdout_putchar                           0x08001449   Thumb Code     4  retarget_io.o(i.stdout_putchar)
    i.uart_gpio_init                         0x0800144c   Section        0  uart_main.o(i.uart_gpio_init)
    x$fpl$fpinit                             0x080014c0   Section       10  fpinit.o(x$fpl$fpinit)
    $v0                                      0x080014c0   Number         0  fpinit.o(x$fpl$fpinit)
    .constdata                               0x080014ca   Section       23  retarget_io.o(.constdata)
    .data                                    0x20000000   Section      103  uart_main.o(.data)
    .data                                    0x20000068   Section        4  stdio_streams.o(.data)
    .data                                    0x2000006c   Section        4  stdio_streams.o(.data)
    .data                                    0x20000070   Section        4  stdio_streams.o(.data)
    .bss                                     0x20000074   Section       60  uart_main.o(.bss)
    .bss                                     0x200000b0   Section       84  stdio_streams.o(.bss)
    .bss                                     0x20000104   Section       84  stdio_streams.o(.bss)
    .bss                                     0x20000158   Section       84  stdio_streams.o(.bss)
    .bss                                     0x200001ac   Section       96  libspace.o(.bss)
    HEAP                                     0x20000210   Section      512  startup_stm32f429xx.o(HEAP)
    Heap_Mem                                 0x20000210   Data         512  startup_stm32f429xx.o(HEAP)
    STACK                                    0x20000410   Section     1024  startup_stm32f429xx.o(STACK)
    Stack_Mem                                0x20000410   Data        1024  startup_stm32f429xx.o(STACK)
    __initial_sp                             0x20000810   Data           0  startup_stm32f429xx.o(STACK)

    Global Symbols

    Symbol Name                              Value     Ov Type        Size  Object(Section)

    BuildAttributes$$THM_ISAv4$E$P$D$K$B$S$7EM$VFPi3$EXTD16$VFPS$VFMA$PE$A:L22UL41UL21$X:L11$S22US41US21$IEEE1$IW$USESV6$~STKCKD$USESV7$~SHL$OTIME$ROPI$EBA8$UX$STANDARDLIB$REQ8$PRES8$EABIv2 0x00000000   Number         0  anon$$obj.o ABSOLUTE
    __ARM_use_no_argv                        0x00000000   Number         0  uart_main.o ABSOLUTE
    __ARM_exceptions_init                     - Undefined Weak Reference
    __alloca_initialize                       - Undefined Weak Reference
    __arm_preinit_                            - Undefined Weak Reference
    __cpp_initialize__aeabi_                  - Undefined Weak Reference
    __cxa_finalize                            - Undefined Weak Reference
    __rt_locale                               - Undefined Weak Reference
    __sigvec_lookup                           - Undefined Weak Reference
    __user_heap_extent                        - Undefined Weak Reference
    _atexit_init                              - Undefined Weak Reference
    _call_atexit_fns                          - Undefined Weak Reference
    _clock_init                               - Undefined Weak Reference
    _fp_trap_init                             - Undefined Weak Reference
    _fp_trap_shutdown                         - Undefined Weak Reference
    _get_lc_collate                           - Undefined Weak Reference
    _get_lc_ctype                             - Undefined Weak Reference
    _get_lc_monetary                          - Undefined Weak Reference
    _get_lc_numeric                           - Undefined Weak Reference
    _get_lc_time                              - Undefined Weak Reference
    _getenv_init                              - Undefined Weak Reference
    _handle_redirection                       - Undefined Weak Reference
    _mutex_acquire                            - Undefined Weak Reference
    _mutex_free                               - Undefined Weak Reference
    _mutex_release                            - Undefined Weak Reference
    _rand_init                                - Undefined Weak Reference
    _signal_finish                            - Undefined Weak Reference
    _signal_init                              - Undefined Weak Reference
    __Vectors_Size                           0x000001ac   Number         0  startup_stm32f429xx.o ABSOLUTE
    __Vectors                                0x08000000   Data           4  startup_stm32f429xx.o(RESET)
    __Vectors_End                            0x080001ac   Data           0  startup_stm32f429xx.o(RESET)
    __main                                   0x080001ad   Thumb Code     8  __main.o(!!!main)
    __scatterload                            0x080001b5   Thumb Code     0  __scatter.o(!!!scatter)
    __scatterload_rt2                        0x080001b5   Thumb Code    44  __scatter.o(!!!scatter)
    __scatterload_rt2_thumb_only             0x080001b5   Thumb Code     0  __scatter.o(!!!scatter)
    __scatterload_null                       0x080001c3   Thumb Code     0  __scatter.o(!!!scatter)
    __scatterload_copy                       0x080001e9   Thumb Code    26  __scatter_copy.o(!!handler_copy)
    __scatterload_zeroinit                   0x08000205   Thumb Code    28  __scatter_zi.o(!!handler_zi)
    __rt_lib_init                            0x08000221   Thumb Code     0  libinit.o(.ARM.Collect$$libinit$$00000000)
    __rt_lib_init_fp_1                       0x08000223   Thumb Code     0  libinit2.o(.ARM.Collect$$libinit$$00000001)
    __rt_lib_init_heap_2                     0x08000227   Thumb Code     0  libinit2.o(.ARM.Collect$$libinit$$00000005)
    __rt_lib_init_preinit_1                  0x08000227   Thumb Code     0  libinit2.o(.ARM.Collect$$libinit$$00000004)
    __rt_lib_init_atexit_1                   0x0800022f   Thumb Code     0  libinit2.o(.ARM.Collect$$libinit$$0000001B)
    __rt_lib_init_clock_1                    0x0800022f   Thumb Code     0  libinit2.o(.ARM.Collect$$libinit$$00000021)
    __rt_lib_init_fp_trap_1                  0x0800022f   Thumb Code     0  libinit2.o(.ARM.Collect$$libinit$$0000001F)
    __rt_lib_init_getenv_1                   0x0800022f   Thumb Code     0  libinit2.o(.ARM.Collect$$libinit$$00000023)
    __rt_lib_init_heap_1                     0x0800022f   Thumb Code     0  libinit2.o(.ARM.Collect$$libinit$$0000000A)
    __rt_lib_init_lc_collate_1               0x0800022f   Thumb Code     0  libinit2.o(.ARM.Collect$$libinit$$00000011)
    __rt_lib_init_lc_ctype_1                 0x0800022f   Thumb Code     0  libinit2.o(.ARM.Collect$$libinit$$00000013)
    __rt_lib_init_lc_monetary_1              0x0800022f   Thumb Code     0  libinit2.o(.ARM.Collect$$libinit$$00000015)
    __rt_lib_init_lc_numeric_1               0x0800022f   Thumb Code     0  libinit2.o(.ARM.Collect$$libinit$$00000017)
    __rt_lib_init_lc_time_1                  0x0800022f   Thumb Code     0  libinit2.o(.ARM.Collect$$libinit$$00000019)
    __rt_lib_init_rand_1                     0x0800022f   Thumb Code     0  libinit2.o(.ARM.Collect$$libinit$$0000000E)
    __rt_lib_init_signal_1                   0x0800022f   Thumb Code     0  libinit2.o(.ARM.Collect$$libinit$$0000001D)
    __rt_lib_init_stdio_2                    0x0800022f   Thumb Code     0  libinit2.o(.ARM.Collect$$libinit$$00000024)
    __rt_lib_init_user_alloc_1               0x0800022f   Thumb Code     0  libinit2.o(.ARM.Collect$$libinit$$0000000C)
    __rt_lib_init_alloca_1                   0x08000233   Thumb Code     0  libinit2.o(.ARM.Collect$$libinit$$0000002E)
    __rt_lib_init_argv_1                     0x08000233   Thumb Code     0  libinit2.o(.ARM.Collect$$libinit$$0000002C)
    __rt_lib_init_cpp_1                      0x08000233   Thumb Code     0  libinit2.o(.ARM.Collect$$libinit$$00000032)
    __rt_lib_init_exceptions_1               0x08000233   Thumb Code     0  libinit2.o(.ARM.Collect$$libinit$$00000030)
    __rt_lib_init_return                     0x08000233   Thumb Code     0  libinit2.o(.ARM.Collect$$libinit$$00000033)
    __rt_lib_init_stdio_1                    0x08000233   Thumb Code     0  libinit2.o(.ARM.Collect$$libinit$$00000025)
    __rt_lib_shutdown                        0x08000235   Thumb Code     0  libshutdown.o(.ARM.Collect$$libshutdown$$00000000)
    __rt_lib_shutdown_cpp_1                  0x08000237   Thumb Code     0  libshutdown2.o(.ARM.Collect$$libshutdown$$00000002)
    __rt_lib_shutdown_stdio_2                0x08000237   Thumb Code     0  libshutdown2.o(.ARM.Collect$$libshutdown$$00000003)
    __rt_lib_shutdown_fp_trap_1              0x0800023b   Thumb Code     0  libshutdown2.o(.ARM.Collect$$libshutdown$$00000007)
    __rt_lib_shutdown_heap_1                 0x0800023b   Thumb Code     0  libshutdown2.o(.ARM.Collect$$libshutdown$$0000000F)
    __rt_lib_shutdown_return                 0x0800023b   Thumb Code     0  libshutdown2.o(.ARM.Collect$$libshutdown$$00000010)
    __rt_lib_shutdown_signal_1               0x0800023b   Thumb Code     0  libshutdown2.o(.ARM.Collect$$libshutdown$$0000000A)
    __rt_lib_shutdown_stdio_1                0x0800023b   Thumb Code     0  libshutdown2.o(.ARM.Collect$$libshutdown$$00000004)
    __rt_lib_shutdown_user_alloc_1           0x0800023b   Thumb Code     0  libshutdown2.o(.ARM.Collect$$libshutdown$$0000000C)
    __rt_entry                               0x0800023d   Thumb Code     0  __rtentry.o(.ARM.Collect$$rtentry$$00000000)
    __rt_entry_presh_1                       0x0800023d   Thumb Code     0  __rtentry2.o(.ARM.Collect$$rtentry$$00000002)
    __rt_entry_sh                            0x0800023d   Thumb Code     0  __rtentry4.o(.ARM.Collect$$rtentry$$00000004)
    __rt_entry_li                            0x08000243   Thumb Code     0  __rtentry2.o(.ARM.Collect$$rtentry$$0000000A)
    __rt_entry_postsh_1                      0x08000243   Thumb Code     0  __rtentry2.o(.ARM.Collect$$rtentry$$00000009)
    __rt_entry_main                          0x08000247   Thumb Code     0  __rtentry2.o(.ARM.Collect$$rtentry$$0000000D)
    __rt_entry_postli_1                      0x08000247   Thumb Code     0  __rtentry2.o(.ARM.Collect$$rtentry$$0000000C)
    __rt_exit                                0x0800024f   Thumb Code     0  rtexit.o(.ARM.Collect$$rtexit$$00000000)
    __rt_exit_ls                             0x08000251   Thumb Code     0  rtexit2.o(.ARM.Collect$$rtexit$$00000003)
    __rt_exit_prels_1                        0x08000251   Thumb Code     0  rtexit2.o(.ARM.Collect$$rtexit$$00000002)
    __rt_exit_exit                           0x08000255   Thumb Code     0  rtexit2.o(.ARM.Collect$$rtexit$$00000004)
    Reset_Handler                            0x0800025d   Thumb Code     8  startup_stm32f429xx.o(.text)
    _maybe_terminate_alloc                   0x0800025d   Thumb Code     0  maybetermalloc1.o(.emb_text)
    NMI_Handler                              0x08000265   Thumb Code     2  startup_stm32f429xx.o(.text)
    HardFault_Handler                        0x08000267   Thumb Code     2  startup_stm32f429xx.o(.text)
    MemManage_Handler                        0x08000269   Thumb Code     2  startup_stm32f429xx.o(.text)
    BusFault_Handler                         0x0800026b   Thumb Code     2  startup_stm32f429xx.o(.text)
    UsageFault_Handler                       0x0800026d   Thumb Code     2  startup_stm32f429xx.o(.text)
    SVC_Handler                              0x0800026f   Thumb Code     2  startup_stm32f429xx.o(.text)
    DebugMon_Handler                         0x08000271   Thumb Code     2  startup_stm32f429xx.o(.text)
    PendSV_Handler                           0x08000273   Thumb Code     2  startup_stm32f429xx.o(.text)
    SysTick_Handler                          0x08000275   Thumb Code     2  startup_stm32f429xx.o(.text)
    ADC_IRQHandler                           0x08000277   Thumb Code     0  startup_stm32f429xx.o(.text)
    CAN1_RX0_IRQHandler                      0x08000277   Thumb Code     0  startup_stm32f429xx.o(.text)
    CAN1_RX1_IRQHandler                      0x08000277   Thumb Code     0  startup_stm32f429xx.o(.text)
    CAN1_SCE_IRQHandler                      0x08000277   Thumb Code     0  startup_stm32f429xx.o(.text)
    CAN1_TX_IRQHandler                       0x08000277   Thumb Code     0  startup_stm32f429xx.o(.text)
    CAN2_RX0_IRQHandler                      0x08000277   Thumb Code     0  startup_stm32f429xx.o(.text)
    CAN2_RX1_IRQHandler                      0x08000277   Thumb Code     0  startup_stm32f429xx.o(.text)
    CAN2_SCE_IRQHandler                      0x08000277   Thumb Code     0  startup_stm32f429xx.o(.text)
    CAN2_TX_IRQHandler                       0x08000277   Thumb Code     0  startup_stm32f429xx.o(.text)
    DCMI_IRQHandler                          0x08000277   Thumb Code     0  startup_stm32f429xx.o(.text)
    DMA1_Stream0_IRQHandler                  0x08000277   Thumb Code     0  startup_stm32f429xx.o(.text)
    DMA1_Stream1_IRQHandler                  0x08000277   Thumb Code     0  startup_stm32f429xx.o(.text)
    DMA1_Stream2_IRQHandler                  0x08000277   Thumb Code     0  startup_stm32f429xx.o(.text)
    DMA1_Stream3_IRQHandler                  0x08000277   Thumb Code     0  startup_stm32f429xx.o(.text)
    DMA1_Stream4_IRQHandler                  0x08000277   Thumb Code     0  startup_stm32f429xx.o(.text)
    DMA1_Stream5_IRQHandler                  0x08000277   Thumb Code     0  startup_stm32f429xx.o(.text)
    DMA1_Stream6_IRQHandler                  0x08000277   Thumb Code     0  startup_stm32f429xx.o(.text)
    DMA1_Stream7_IRQHandler                  0x08000277   Thumb Code     0  startup_stm32f429xx.o(.text)
    DMA2D_IRQHandler                         0x08000277   Thumb Code     0  startup_stm32f429xx.o(.text)
    DMA2_Stream0_IRQHandler                  0x08000277   Thumb Code     0  startup_stm32f429xx.o(.text)
    DMA2_Stream1_IRQHandler                  0x08000277   Thumb Code     0  startup_stm32f429xx.o(.text)
    DMA2_Stream2_IRQHandler                  0x08000277   Thumb Code     0  startup_stm32f429xx.o(.text)
    DMA2_Stream3_IRQHandler                  0x08000277   Thumb Code     0  startup_stm32f429xx.o(.text)
    DMA2_Stream4_IRQHandler                  0x08000277   Thumb Code     0  startup_stm32f429xx.o(.text)
    DMA2_Stream5_IRQHandler                  0x08000277   Thumb Code     0  startup_stm32f429xx.o(.text)
    DMA2_Stream6_IRQHandler                  0x08000277   Thumb Code     0  startup_stm32f429xx.o(.text)
    DMA2_Stream7_IRQHandler                  0x08000277   Thumb Code     0  startup_stm32f429xx.o(.text)
    ETH_IRQHandler                           0x08000277   Thumb Code     0  startup_stm32f429xx.o(.text)
    ETH_WKUP_IRQHandler                      0x08000277   Thumb Code     0  startup_stm32f429xx.o(.text)
    EXTI0_IRQHandler                         0x08000277   Thumb Code     0  startup_stm32f429xx.o(.text)
    EXTI15_10_IRQHandler                     0x08000277   Thumb Code     0  startup_stm32f429xx.o(.text)
    EXTI1_IRQHandler                         0x08000277   Thumb Code     0  startup_stm32f429xx.o(.text)
    EXTI2_IRQHandler                         0x08000277   Thumb Code     0  startup_stm32f429xx.o(.text)
    EXTI3_IRQHandler                         0x08000277   Thumb Code     0  startup_stm32f429xx.o(.text)
    EXTI4_IRQHandler                         0x08000277   Thumb Code     0  startup_stm32f429xx.o(.text)
    EXTI9_5_IRQHandler                       0x08000277   Thumb Code     0  startup_stm32f429xx.o(.text)
    FLASH_IRQHandler                         0x08000277   Thumb Code     0  startup_stm32f429xx.o(.text)
    FMC_IRQHandler                           0x08000277   Thumb Code     0  startup_stm32f429xx.o(.text)
    FPU_IRQHandler                           0x08000277   Thumb Code     0  startup_stm32f429xx.o(.text)
    HASH_RNG_IRQHandler                      0x08000277   Thumb Code     0  startup_stm32f429xx.o(.text)
    I2C1_ER_IRQHandler                       0x08000277   Thumb Code     0  startup_stm32f429xx.o(.text)
    I2C1_EV_IRQHandler                       0x08000277   Thumb Code     0  startup_stm32f429xx.o(.text)
    I2C2_ER_IRQHandler                       0x08000277   Thumb Code     0  startup_stm32f429xx.o(.text)
    I2C2_EV_IRQHandler                       0x08000277   Thumb Code     0  startup_stm32f429xx.o(.text)
    I2C3_ER_IRQHandler                       0x08000277   Thumb Code     0  startup_stm32f429xx.o(.text)
    I2C3_EV_IRQHandler                       0x08000277   Thumb Code     0  startup_stm32f429xx.o(.text)
    LTDC_ER_IRQHandler                       0x08000277   Thumb Code     0  startup_stm32f429xx.o(.text)
    LTDC_IRQHandler                          0x08000277   Thumb Code     0  startup_stm32f429xx.o(.text)
    OTG_FS_IRQHandler                        0x08000277   Thumb Code     0  startup_stm32f429xx.o(.text)
    OTG_FS_WKUP_IRQHandler                   0x08000277   Thumb Code     0  startup_stm32f429xx.o(.text)
    OTG_HS_EP1_IN_IRQHandler                 0x08000277   Thumb Code     0  startup_stm32f429xx.o(.text)
    OTG_HS_EP1_OUT_IRQHandler                0x08000277   Thumb Code     0  startup_stm32f429xx.o(.text)
    OTG_HS_IRQHandler                        0x08000277   Thumb Code     0  startup_stm32f429xx.o(.text)
    OTG_HS_WKUP_IRQHandler                   0x08000277   Thumb Code     0  startup_stm32f429xx.o(.text)
    PVD_IRQHandler                           0x08000277   Thumb Code     0  startup_stm32f429xx.o(.text)
    RCC_IRQHandler                           0x08000277   Thumb Code     0  startup_stm32f429xx.o(.text)
    RTC_Alarm_IRQHandler                     0x08000277   Thumb Code     0  startup_stm32f429xx.o(.text)
    RTC_WKUP_IRQHandler                      0x08000277   Thumb Code     0  startup_stm32f429xx.o(.text)
    SAI1_IRQHandler                          0x08000277   Thumb Code     0  startup_stm32f429xx.o(.text)
    SDIO_IRQHandler                          0x08000277   Thumb Code     0  startup_stm32f429xx.o(.text)
    SPI1_IRQHandler                          0x08000277   Thumb Code     0  startup_stm32f429xx.o(.text)
    SPI2_IRQHandler                          0x08000277   Thumb Code     0  startup_stm32f429xx.o(.text)
    SPI3_IRQHandler                          0x08000277   Thumb Code     0  startup_stm32f429xx.o(.text)
    SPI4_IRQHandler                          0x08000277   Thumb Code     0  startup_stm32f429xx.o(.text)
    SPI5_IRQHandler                          0x08000277   Thumb Code     0  startup_stm32f429xx.o(.text)
    SPI6_IRQHandler                          0x08000277   Thumb Code     0  startup_stm32f429xx.o(.text)
    TAMP_STAMP_IRQHandler                    0x08000277   Thumb Code     0  startup_stm32f429xx.o(.text)
    TIM1_BRK_TIM9_IRQHandler                 0x08000277   Thumb Code     0  startup_stm32f429xx.o(.text)
    TIM1_CC_IRQHandler                       0x08000277   Thumb Code     0  startup_stm32f429xx.o(.text)
    TIM1_TRG_COM_TIM11_IRQHandler            0x08000277   Thumb Code     0  startup_stm32f429xx.o(.text)
    TIM1_UP_TIM10_IRQHandler                 0x08000277   Thumb Code     0  startup_stm32f429xx.o(.text)
    TIM2_IRQHandler                          0x08000277   Thumb Code     0  startup_stm32f429xx.o(.text)
    TIM3_IRQHandler                          0x08000277   Thumb Code     0  startup_stm32f429xx.o(.text)
    TIM4_IRQHandler                          0x08000277   Thumb Code     0  startup_stm32f429xx.o(.text)
    TIM5_IRQHandler                          0x08000277   Thumb Code     0  startup_stm32f429xx.o(.text)
    TIM6_DAC_IRQHandler                      0x08000277   Thumb Code     0  startup_stm32f429xx.o(.text)
    TIM7_IRQHandler                          0x08000277   Thumb Code     0  startup_stm32f429xx.o(.text)
    TIM8_BRK_TIM12_IRQHandler                0x08000277   Thumb Code     0  startup_stm32f429xx.o(.text)
    TIM8_CC_IRQHandler                       0x08000277   Thumb Code     0  startup_stm32f429xx.o(.text)
    TIM8_TRG_COM_TIM14_IRQHandler            0x08000277   Thumb Code     0  startup_stm32f429xx.o(.text)
    TIM8_UP_TIM13_IRQHandler                 0x08000277   Thumb Code     0  startup_stm32f429xx.o(.text)
    UART4_IRQHandler                         0x08000277   Thumb Code     0  startup_stm32f429xx.o(.text)
    UART7_IRQHandler                         0x08000277   Thumb Code     0  startup_stm32f429xx.o(.text)
    UART8_IRQHandler                         0x08000277   Thumb Code     0  startup_stm32f429xx.o(.text)
    USART1_IRQHandler                        0x08000277   Thumb Code     0  startup_stm32f429xx.o(.text)
    USART2_IRQHandler                        0x08000277   Thumb Code     0  startup_stm32f429xx.o(.text)
    USART3_IRQHandler                        0x08000277   Thumb Code     0  startup_stm32f429xx.o(.text)
    USART6_IRQHandler                        0x08000277   Thumb Code     0  startup_stm32f429xx.o(.text)
    WWDG_IRQHandler                          0x08000277   Thumb Code     0  startup_stm32f429xx.o(.text)
    __user_initial_stackheap                 0x08000279   Thumb Code     0  startup_stm32f429xx.o(.text)
    __2printf                                0x0800029d   Thumb Code    20  noretval__2printf.o(.text)
    strcmp                                   0x080002b5   Thumb Code   128  strcmpv7m.o(.text)
    __use_two_region_memory                  0x08000335   Thumb Code     2  heapauxi.o(.text)
    __rt_heap_escrow                         0x08000337   Thumb Code     2  heapauxi.o(.text)
    __rt_heap_expand                         0x08000339   Thumb Code     2  heapauxi.o(.text)
    _printf_char_file                        0x0800033d   Thumb Code    32  _printf_char_file.o(.text)
    _printf_char_common                      0x0800036b   Thumb Code    32  _printf_char_common.o(.text)
    ferror                                   0x08000391   Thumb Code     8  ferror.o(.text)
    _initio                                  0x08000399   Thumb Code   210  initio.o(.text)
    _terminateio                             0x0800046b   Thumb Code    56  initio.o(.text)
    __user_setup_stackheap                   0x080004d1   Thumb Code    74  sys_stackheap_outer.o(.text)
    free                                     0x0800051b   Thumb Code    78  h1_free.o(.text)
    __printf                                 0x08000569   Thumb Code    40  __printf_nopercent.o(.text)
    setvbuf                                  0x08000591   Thumb Code    70  setvbuf.o(.text)
    freopen                                  0x080005d9   Thumb Code   158  fopen.o(.text)
    fopen                                    0x08000677   Thumb Code    74  fopen.o(.text)
    _fclose_internal                         0x080006c5   Thumb Code    76  fclose.o(.text)
    fclose                                   0x080006c5   Thumb Code     0  fclose.o(.text)
    exit                                     0x08000711   Thumb Code    18  exit.o(.text)
    __rt_SIGRTRED                            0x08000723   Thumb Code    14  defsig_rtred_outer.o(.text)
    __aeabi_memclr4                          0x08000731   Thumb Code     0  rt_memclr_w.o(.text)
    __aeabi_memclr8                          0x08000731   Thumb Code     0  rt_memclr_w.o(.text)
    __rt_memclr_w                            0x08000731   Thumb Code    78  rt_memclr_w.o(.text)
    _memset_w                                0x08000735   Thumb Code     0  rt_memclr_w.o(.text)
    __user_libspace                          0x08000781   Thumb Code     8  libspace.o(.text)
    __user_perproc_libspace                  0x08000781   Thumb Code     0  libspace.o(.text)
    __user_perthread_libspace                0x08000781   Thumb Code     0  libspace.o(.text)
    __rt_heap_descriptor                     0x08000789   Thumb Code     8  rt_heap_descriptor_intlibspace.o(.text)
    __use_no_heap                            0x08000791   Thumb Code     2  hguard.o(.text)
    __heap$guard                             0x08000793   Thumb Code     2  hguard.o(.text)
    _terminate_user_alloc                    0x08000795   Thumb Code     2  init_alloc.o(.text)
    _init_user_alloc                         0x08000797   Thumb Code     2  init_alloc.o(.text)
    __Heap_Full                              0x08000799   Thumb Code    34  init_alloc.o(.text)
    __Heap_Broken                            0x080007bb   Thumb Code     6  init_alloc.o(.text)
    _init_alloc                              0x080007c1   Thumb Code    94  init_alloc.o(.text)
    malloc                                   0x0800081f   Thumb Code    94  h1_alloc.o(.text)
    _fseek                                   0x0800087d   Thumb Code   242  fseek.o(.text)
    fseek                                    0x0800087d   Thumb Code     0  fseek.o(.text)
    _seterr                                  0x08000975   Thumb Code    20  stdio.o(.text)
    _writebuf                                0x08000989   Thumb Code    84  stdio.o(.text)
    _fflush                                  0x080009dd   Thumb Code    70  stdio.o(.text)
    _deferredlazyseek                        0x08000a23   Thumb Code    60  stdio.o(.text)
    __sig_exit                               0x08000a65   Thumb Code    10  defsig_exit.o(.text)
    __rt_SIGRTRED_inner                      0x08000a71   Thumb Code    14  defsig_rtred_inner.o(.text)
    _sys_exit                                0x08000aa5   Thumb Code     8  sys_exit.o(.text)
    __Heap_Initialize                        0x08000ab1   Thumb Code    10  h1_init.o(.text)
    __Heap_DescSize                          0x08000abb   Thumb Code     4  h1_init.o(.text)
    __Heap_ProvideMemory                     0x08000abf   Thumb Code    52  h1_extend.o(.text)
    _ftell_internal                          0x08000af3   Thumb Code    66  ftell.o(.text)
    ftell                                    0x08000af3   Thumb Code     0  ftell.o(.text)
    __default_signal_display                 0x08000b35   Thumb Code    50  defsig_general.o(.text)
    __rt_SIGRTMEM                            0x08000b67   Thumb Code    14  defsig_rtmem_outer.o(.text)
    _ttywrch                                 0x08000b75   Thumb Code    14  sys_wrch.o(.text)
    __I$use$semihosting                      0x08000b83   Thumb Code     0  use_no_semi.o(.text)
    __use_no_semihosting_swi                 0x08000b83   Thumb Code     2  use_no_semi.o(.text)
    __aeabi_errno_addr                       0x08000b85   Thumb Code     8  rt_errno_addr_intlibspace.o(.text)
    __errno$intlibspace                      0x08000b85   Thumb Code     0  rt_errno_addr_intlibspace.o(.text)
    __rt_errno_addr$intlibspace              0x08000b85   Thumb Code     0  rt_errno_addr_intlibspace.o(.text)
    __semihosting_library_function           0x08000b85   Thumb Code     0  indicate_semi.o(.text)
    __rt_SIGRTMEM_inner                      0x08000b8d   Thumb Code    22  defsig_rtmem_inner.o(.text)
    SystemInit                               0x08000bdd   Thumb Code    82  system_stm32f4xx.o(i.SystemInit)
    UART5_IRQHandler                         0x08000c41   Thumb Code    10  uart_main.o(i.UART5_IRQHandler)
    _sys_close                               0x08000c51   Thumb Code    38  retarget_io.o(i._sys_close)
    _sys_flen                                0x08000c77   Thumb Code    36  retarget_io.o(i._sys_flen)
    _sys_istty                               0x08000c9b   Thumb Code    36  retarget_io.o(i._sys_istty)
    _sys_open                                0x08000cc1   Thumb Code    80  retarget_io.o(i._sys_open)
    _sys_seek                                0x08000d29   Thumb Code    44  retarget_io.o(i._sys_seek)
    _sys_write                               0x08000d55   Thumb Code    88  retarget_io.o(i._sys_write)
    app_rx_cmp_callback                      0x08000dad   Thumb Code    12  uart_main.o(i.app_rx_cmp_callback)
    app_tx_cmp_callback                      0x08000dbd   Thumb Code     2  uart_main.o(i.app_tx_cmp_callback)
    error_handler                            0x08000dc1   Thumb Code    26  uart_main.o(i.error_handler)
    fputc                                    0x08000de5   Thumb Code    52  uart_main.o(i.fputc)
    hal_gpio_configure_pin_mode              0x08000e1d   Thumb Code    16  hal_gpio_driver.o(i.hal_gpio_configure_pin_mode)
    hal_gpio_configure_pin_otype             0x08000e2d   Thumb Code    14  hal_gpio_driver.o(i.hal_gpio_configure_pin_otype)
    hal_gpio_configure_pin_pupd              0x08000e3b   Thumb Code    16  hal_gpio_driver.o(i.hal_gpio_configure_pin_pupd)
    hal_gpio_configure_pin_speed             0x08000e4b   Thumb Code    16  hal_gpio_driver.o(i.hal_gpio_configure_pin_speed)
    hal_gpio_init                            0x08000e5b   Thumb Code    56  hal_gpio_driver.o(i.hal_gpio_init)
    hal_gpio_set_alt_function                0x08000e93   Thumb Code    48  hal_gpio_driver.o(i.hal_gpio_set_alt_function)
    hal_gpio_write_to_pin                    0x08000ec3   Thumb Code    28  hal_gpio_driver.o(i.hal_gpio_write_to_pin)
    hal_uart_clear_error_flag                0x08000edf   Thumb Code    12  hal_uart_driver.o(i.hal_uart_clear_error_flag)
    hal_uart_configure_error_interrupt       0x08000eeb   Thumb Code    22  hal_uart_driver.o(i.hal_uart_configure_error_interrupt)
    hal_uart_configure_over_sampling         0x08000f01   Thumb Code    12  hal_uart_driver.o(i.hal_uart_configure_over_sampling)
    hal_uart_configure_parity_error_interrupt 0x08000f0d   Thumb Code    22  hal_uart_driver.o(i.hal_uart_configure_parity_error_interrupt)
    hal_uart_configure_rxne_interrupt        0x08000f23   Thumb Code    22  hal_uart_driver.o(i.hal_uart_configure_rxne_interrupt)
    hal_uart_configure_stop_bits             0x08000f39   Thumb Code    56  hal_uart_driver.o(i.hal_uart_configure_stop_bits)
    hal_uart_configure_txe_interrupt         0x08000f71   Thumb Code    22  hal_uart_driver.o(i.hal_uart_configure_txe_interrupt)
    hal_uart_configure_word_length           0x08000f87   Thumb Code    22  hal_uart_driver.o(i.hal_uart_configure_word_length)
    hal_uart_enable                          0x08000f9d   Thumb Code    10  hal_uart_driver.o(i.hal_uart_enable)
    hal_uart_enable_disable_rx               0x08000fa7   Thumb Code    26  hal_uart_driver.o(i.hal_uart_enable_disable_rx)
    hal_uart_enable_disable_tx               0x08000fc1   Thumb Code    26  hal_uart_driver.o(i.hal_uart_enable_disable_tx)
    hal_uart_error_cb                        0x08000fdb   Thumb Code     4  hal_uart_driver.o(i.hal_uart_error_cb)
    hal_uart_handle_interrupt                0x080010b3   Thumb Code   244  hal_uart_driver.o(i.hal_uart_handle_interrupt)
    hal_uart_init                            0x080011a7   Thumb Code    74  hal_uart_driver.o(i.hal_uart_init)
    hal_uart_rx                              0x080011f1   Thumb Code    50  hal_uart_driver.o(i.hal_uart_rx)
    hal_uart_set_baud_rate                   0x08001223   Thumb Code    30  hal_uart_driver.o(i.hal_uart_set_baud_rate)
    hal_uart_tx                              0x08001241   Thumb Code    36  hal_uart_driver.o(i.hal_uart_tx)
    handle_cmd                               0x08001265   Thumb Code    96  uart_main.o(i.handle_cmd)
    led_init                                 0x080012d1   Thumb Code    58  led.o(i.led_init)
    led_turn_off                             0x08001315   Thumb Code    18  led.o(i.led_turn_off)
    led_turn_on                              0x08001327   Thumb Code    18  led.o(i.led_turn_on)
    main                                     0x08001339   Thumb Code   148  uart_main.o(i.main)
    parse_cmd                                0x080013f9   Thumb Code    76  uart_main.o(i.parse_cmd)
    uart_gpio_init                           0x0800144d   Thumb Code   104  uart_main.o(i.uart_gpio_init)
    _fp_init                                 0x080014c1   Thumb Code    10  fpinit.o(x$fpl$fpinit)
    __fplib_config_fpu_vfp                   0x080014c9   Thumb Code     0  fpinit.o(x$fpl$fpinit)
    __fplib_config_pureend_doubles           0x080014c9   Thumb Code     0  fpinit.o(x$fpl$fpinit)
    __stdin_name                             0x080014ca   Data           7  retarget_io.o(.constdata)
    __stdout_name                            0x080014d1   Data           8  retarget_io.o(.constdata)
    __stderr_name                            0x080014d9   Data           8  retarget_io.o(.constdata)
    Region$$Table$$Base                      0x080014e4   Number         0  anon$$obj.o(Region$$Table)
    Region$$Table$$Limit                     0x08001504   Number         0  anon$$obj.o(Region$$Table)
    message1                                 0x20000000   Data          64  uart_main.o(.data)
    message2                                 0x20000040   Data          22  uart_main.o(.data)
    message3                                 0x20000056   Data          13  uart_main.o(.data)
    rx_buffer                                0x20000063   Data           4  uart_main.o(.data)
    __aeabi_stdin                            0x20000068   Data           4  stdio_streams.o(.data)
    __aeabi_stdout                           0x2000006c   Data           4  stdio_streams.o(.data)
    __aeabi_stderr                           0x20000070   Data           4  stdio_streams.o(.data)
    uart_handle                              0x20000074   Data          60  uart_main.o(.bss)
    __stdin                                  0x200000b0   Data          84  stdio_streams.o(.bss)
    __stdout                                 0x20000104   Data          84  stdio_streams.o(.bss)
    __stderr                                 0x20000158   Data          84  stdio_streams.o(.bss)
    __libspace_start                         0x200001ac   Data          96  libspace.o(.bss)
    __temporary_stack_top$libspace           0x2000020c   Data           0  libspace.o(.bss)



==============================================================================

Memory Map of the image

  Image Entry point : 0x0800025d

  Load Region LR_1 (Base: 0x08000000, Size: 0x00001578, Max: 0xffffffff, ABSOLUTE)

    Execution Region ER_RO (Exec base: 0x08000000, Load base: 0x08000000, Size: 0x00001504, Max: 0xffffffff, ABSOLUTE)

    Exec Addr    Load Addr    Size         Type   Attr      Idx    E Section Name        Object

    0x08000000   0x08000000   0x000001ac   Data   RO          487    RESET               startup_stm32f429xx.o
    0x080001ac   0x080001ac   0x00000008   Code   RO          549  * !!!main             c_w.l(__main.o)
    0x080001b4   0x080001b4   0x00000034   Code   RO          862    !!!scatter          c_w.l(__scatter.o)
    0x080001e8   0x080001e8   0x0000001a   Code   RO          864    !!handler_copy      c_w.l(__scatter_copy.o)
    0x08000202   0x08000202   0x00000002   PAD
    0x08000204   0x08000204   0x0000001c   Code   RO          866    !!handler_zi        c_w.l(__scatter_zi.o)
    0x08000220   0x08000220   0x00000002   Code   RO          671    .ARM.Collect$$libinit$$00000000  c_w.l(libinit.o)
    0x08000222   0x08000222   0x00000004   Code   RO          672    .ARM.Collect$$libinit$$00000001  c_w.l(libinit2.o)
    0x08000226   0x08000226   0x00000000   Code   RO          675    .ARM.Collect$$libinit$$00000004  c_w.l(libinit2.o)
    0x08000226   0x08000226   0x00000008   Code   RO          676    .ARM.Collect$$libinit$$00000005  c_w.l(libinit2.o)
    0x0800022e   0x0800022e   0x00000000   Code   RO          678    .ARM.Collect$$libinit$$0000000A  c_w.l(libinit2.o)
    0x0800022e   0x0800022e   0x00000000   Code   RO          680    .ARM.Collect$$libinit$$0000000C  c_w.l(libinit2.o)
    0x0800022e   0x0800022e   0x00000000   Code   RO          682    .ARM.Collect$$libinit$$0000000E  c_w.l(libinit2.o)
    0x0800022e   0x0800022e   0x00000000   Code   RO          685    .ARM.Collect$$libinit$$00000011  c_w.l(libinit2.o)
    0x0800022e   0x0800022e   0x00000000   Code   RO          687    .ARM.Collect$$libinit$$00000013  c_w.l(libinit2.o)
    0x0800022e   0x0800022e   0x00000000   Code   RO          689    .ARM.Collect$$libinit$$00000015  c_w.l(libinit2.o)
    0x0800022e   0x0800022e   0x00000000   Code   RO          691    .ARM.Collect$$libinit$$00000017  c_w.l(libinit2.o)
    0x0800022e   0x0800022e   0x00000000   Code   RO          693    .ARM.Collect$$libinit$$00000019  c_w.l(libinit2.o)
    0x0800022e   0x0800022e   0x00000000   Code   RO          695    .ARM.Collect$$libinit$$0000001B  c_w.l(libinit2.o)
    0x0800022e   0x0800022e   0x00000000   Code   RO          697    .ARM.Collect$$libinit$$0000001D  c_w.l(libinit2.o)
    0x0800022e   0x0800022e   0x00000000   Code   RO          699    .ARM.Collect$$libinit$$0000001F  c_w.l(libinit2.o)
    0x0800022e   0x0800022e   0x00000000   Code   RO          701    .ARM.Collect$$libinit$$00000021  c_w.l(libinit2.o)
    0x0800022e   0x0800022e   0x00000000   Code   RO          703    .ARM.Collect$$libinit$$00000023  c_w.l(libinit2.o)
    0x0800022e   0x0800022e   0x00000004   Code   RO          704    .ARM.Collect$$libinit$$00000024  c_w.l(libinit2.o)
    0x08000232   0x08000232   0x00000000   Code   RO          705    .ARM.Collect$$libinit$$00000025  c_w.l(libinit2.o)
    0x08000232   0x08000232   0x00000000   Code   RO          709    .ARM.Collect$$libinit$$0000002C  c_w.l(libinit2.o)
    0x08000232   0x08000232   0x00000000   Code   RO          711    .ARM.Collect$$libinit$$0000002E  c_w.l(libinit2.o)
    0x08000232   0x08000232   0x00000000   Code   RO          713    .ARM.Collect$$libinit$$00000030  c_w.l(libinit2.o)
    0x08000232   0x08000232   0x00000000   Code   RO          715    .ARM.Collect$$libinit$$00000032  c_w.l(libinit2.o)
    0x08000232   0x08000232   0x00000002   Code   RO          716    .ARM.Collect$$libinit$$00000033  c_w.l(libinit2.o)
    0x08000234   0x08000234   0x00000002   Code   RO          841    .ARM.Collect$$libshutdown$$00000000  c_w.l(libshutdown.o)
    0x08000236   0x08000236   0x00000000   Code   RO          718    .ARM.Collect$$libshutdown$$00000002  c_w.l(libshutdown2.o)
    0x08000236   0x08000236   0x00000004   Code   RO          719    .ARM.Collect$$libshutdown$$00000003  c_w.l(libshutdown2.o)
    0x0800023a   0x0800023a   0x00000000   Code   RO          720    .ARM.Collect$$libshutdown$$00000004  c_w.l(libshutdown2.o)
    0x0800023a   0x0800023a   0x00000000   Code   RO          723    .ARM.Collect$$libshutdown$$00000007  c_w.l(libshutdown2.o)
    0x0800023a   0x0800023a   0x00000000   Code   RO          726    .ARM.Collect$$libshutdown$$0000000A  c_w.l(libshutdown2.o)
    0x0800023a   0x0800023a   0x00000000   Code   RO          728    .ARM.Collect$$libshutdown$$0000000C  c_w.l(libshutdown2.o)
    0x0800023a   0x0800023a   0x00000000   Code   RO          731    .ARM.Collect$$libshutdown$$0000000F  c_w.l(libshutdown2.o)
    0x0800023a   0x0800023a   0x00000002   Code   RO          732    .ARM.Collect$$libshutdown$$00000010  c_w.l(libshutdown2.o)
    0x0800023c   0x0800023c   0x00000000   Code   RO          551    .ARM.Collect$$rtentry$$00000000  c_w.l(__rtentry.o)
    0x0800023c   0x0800023c   0x00000000   Code   RO          561    .ARM.Collect$$rtentry$$00000002  c_w.l(__rtentry2.o)
    0x0800023c   0x0800023c   0x00000006   Code   RO          573    .ARM.Collect$$rtentry$$00000004  c_w.l(__rtentry4.o)
    0x08000242   0x08000242   0x00000000   Code   RO          563    .ARM.Collect$$rtentry$$00000009  c_w.l(__rtentry2.o)
    0x08000242   0x08000242   0x00000004   Code   RO          564    .ARM.Collect$$rtentry$$0000000A  c_w.l(__rtentry2.o)
    0x08000246   0x08000246   0x00000000   Code   RO          566    .ARM.Collect$$rtentry$$0000000C  c_w.l(__rtentry2.o)
    0x08000246   0x08000246   0x00000008   Code   RO          567    .ARM.Collect$$rtentry$$0000000D  c_w.l(__rtentry2.o)
    0x0800024e   0x0800024e   0x00000002   Code   RO          736    .ARM.Collect$$rtexit$$00000000  c_w.l(rtexit.o)
    0x08000250   0x08000250   0x00000000   Code   RO          784    .ARM.Collect$$rtexit$$00000002  c_w.l(rtexit2.o)
    0x08000250   0x08000250   0x00000004   Code   RO          785    .ARM.Collect$$rtexit$$00000003  c_w.l(rtexit2.o)
    0x08000254   0x08000254   0x00000006   Code   RO          786    .ARM.Collect$$rtexit$$00000004  c_w.l(rtexit2.o)
    0x0800025a   0x0800025a   0x00000002   PAD
    0x0800025c   0x0800025c   0x00000000   Code   RO          790    .emb_text           c_w.l(maybetermalloc1.o)
    0x0800025c   0x0800025c   0x00000040   Code   RO          488  * .text               startup_stm32f429xx.o
    0x0800029c   0x0800029c   0x00000018   Code   RO          543    .text               c_w.l(noretval__2printf.o)
    0x080002b4   0x080002b4   0x00000080   Code   RO          545    .text               c_w.l(strcmpv7m.o)
    0x08000334   0x08000334   0x00000006   Code   RO          547    .text               c_w.l(heapauxi.o)
    0x0800033a   0x0800033a   0x00000002   PAD
    0x0800033c   0x0800033c   0x00000024   Code   RO          552    .text               c_w.l(_printf_char_file.o)
    0x08000360   0x08000360   0x00000030   Code   RO          575    .text               c_w.l(_printf_char_common.o)
    0x08000390   0x08000390   0x00000008   Code   RO          577    .text               c_w.l(ferror.o)
    0x08000398   0x08000398   0x00000138   Code   RO          579    .text               c_w.l(initio.o)
    0x080004d0   0x080004d0   0x0000004a   Code   RO          587    .text               c_w.l(sys_stackheap_outer.o)
    0x0800051a   0x0800051a   0x0000004e   Code   RO          591    .text               c_w.l(h1_free.o)
    0x08000568   0x08000568   0x00000028   Code   RO          645    .text               c_w.l(__printf_nopercent.o)
    0x08000590   0x08000590   0x00000046   Code   RO          647    .text               c_w.l(setvbuf.o)
    0x080005d6   0x080005d6   0x00000002   PAD
    0x080005d8   0x080005d8   0x000000ec   Code   RO          650    .text               c_w.l(fopen.o)
    0x080006c4   0x080006c4   0x0000004c   Code   RO          652    .text               c_w.l(fclose.o)
    0x08000710   0x08000710   0x00000012   Code   RO          658    .text               c_w.l(exit.o)
    0x08000722   0x08000722   0x0000000e   Code   RO          660    .text               c_w.l(defsig_rtred_outer.o)
    0x08000730   0x08000730   0x0000004e   Code   RO          664    .text               c_w.l(rt_memclr_w.o)
    0x0800077e   0x0800077e   0x00000002   PAD
    0x08000780   0x08000780   0x00000008   Code   RO          733    .text               c_w.l(libspace.o)
    0x08000788   0x08000788   0x00000008   Code   RO          743    .text               c_w.l(rt_heap_descriptor_intlibspace.o)
    0x08000790   0x08000790   0x00000004   Code   RO          745    .text               c_w.l(hguard.o)
    0x08000794   0x08000794   0x0000008a   Code   RO          747    .text               c_w.l(init_alloc.o)
    0x0800081e   0x0800081e   0x0000005e   Code   RO          753    .text               c_w.l(h1_alloc.o)
    0x0800087c   0x0800087c   0x000000f8   Code   RO          767    .text               c_w.l(fseek.o)
    0x08000974   0x08000974   0x000000f0   Code   RO          769    .text               c_w.l(stdio.o)
    0x08000a64   0x08000a64   0x0000000a   Code   RO          771    .text               c_w.l(defsig_exit.o)
    0x08000a6e   0x08000a6e   0x00000002   PAD
    0x08000a70   0x08000a70   0x00000034   Code   RO          773    .text               c_w.l(defsig_rtred_inner.o)
    0x08000aa4   0x08000aa4   0x0000000c   Code   RO          781    .text               c_w.l(sys_exit.o)
    0x08000ab0   0x08000ab0   0x0000000e   Code   RO          792    .text               c_w.l(h1_init.o)
    0x08000abe   0x08000abe   0x00000034   Code   RO          794    .text               c_w.l(h1_extend.o)
    0x08000af2   0x08000af2   0x00000042   Code   RO          800    .text               c_w.l(ftell.o)
    0x08000b34   0x08000b34   0x00000032   Code   RO          804    .text               c_w.l(defsig_general.o)
    0x08000b66   0x08000b66   0x0000000e   Code   RO          806    .text               c_w.l(defsig_rtmem_outer.o)
    0x08000b74   0x08000b74   0x0000000e   Code   RO          819    .text               c_w.l(sys_wrch.o)
    0x08000b82   0x08000b82   0x00000002   Code   RO          823    .text               c_w.l(use_no_semi.o)
    0x08000b84   0x08000b84   0x00000000   Code   RO          825    .text               c_w.l(indicate_semi.o)
    0x08000b84   0x08000b84   0x00000008   Code   RO          829    .text               c_w.l(rt_errno_addr_intlibspace.o)
    0x08000b8c   0x08000b8c   0x00000050   Code   RO          835    .text               c_w.l(defsig_rtmem_inner.o)
    0x08000bdc   0x08000bdc   0x00000064   Code   RO          496    i.SystemInit        system_stm32f4xx.o
    0x08000c40   0x08000c40   0x00000010   Code   RO          268    i.UART5_IRQHandler  uart_main.o
    0x08000c50   0x08000c50   0x00000026   Code   RO          400    i._sys_close        retarget_io.o
    0x08000c76   0x08000c76   0x00000024   Code   RO          401    i._sys_flen         retarget_io.o
    0x08000c9a   0x08000c9a   0x00000024   Code   RO          402    i._sys_istty        retarget_io.o
    0x08000cbe   0x08000cbe   0x00000002   PAD
    0x08000cc0   0x08000cc0   0x00000068   Code   RO          403    i._sys_open         retarget_io.o
    0x08000d28   0x08000d28   0x0000002c   Code   RO          405    i._sys_seek         retarget_io.o
    0x08000d54   0x08000d54   0x00000058   Code   RO          406    i._sys_write        retarget_io.o
    0x08000dac   0x08000dac   0x00000010   Code   RO          269    i.app_rx_cmp_callback  uart_main.o
    0x08000dbc   0x08000dbc   0x00000002   Code   RO          270    i.app_tx_cmp_callback  uart_main.o
    0x08000dbe   0x08000dbe   0x00000002   PAD
    0x08000dc0   0x08000dc0   0x00000024   Code   RO          271    i.error_handler     uart_main.o
    0x08000de4   0x08000de4   0x00000038   Code   RO          272    i.fputc             uart_main.o
    0x08000e1c   0x08000e1c   0x00000010   Code   RO          179    i.hal_gpio_configure_pin_mode  hal_gpio_driver.o
    0x08000e2c   0x08000e2c   0x0000000e   Code   RO          180    i.hal_gpio_configure_pin_otype  hal_gpio_driver.o
    0x08000e3a   0x08000e3a   0x00000010   Code   RO          181    i.hal_gpio_configure_pin_pupd  hal_gpio_driver.o
    0x08000e4a   0x08000e4a   0x00000010   Code   RO          182    i.hal_gpio_configure_pin_speed  hal_gpio_driver.o
    0x08000e5a   0x08000e5a   0x00000038   Code   RO          184    i.hal_gpio_init     hal_gpio_driver.o
    0x08000e92   0x08000e92   0x00000030   Code   RO          186    i.hal_gpio_set_alt_function  hal_gpio_driver.o
    0x08000ec2   0x08000ec2   0x0000001c   Code   RO          187    i.hal_gpio_write_to_pin  hal_gpio_driver.o
    0x08000ede   0x08000ede   0x0000000c   Code   RO            4    i.hal_uart_clear_error_flag  hal_uart_driver.o
    0x08000eea   0x08000eea   0x00000016   Code   RO            5    i.hal_uart_configure_error_interrupt  hal_uart_driver.o
    0x08000f00   0x08000f00   0x0000000c   Code   RO            6    i.hal_uart_configure_over_sampling  hal_uart_driver.o
    0x08000f0c   0x08000f0c   0x00000016   Code   RO            7    i.hal_uart_configure_parity_error_interrupt  hal_uart_driver.o
    0x08000f22   0x08000f22   0x00000016   Code   RO            8    i.hal_uart_configure_rxne_interrupt  hal_uart_driver.o
    0x08000f38   0x08000f38   0x00000038   Code   RO            9    i.hal_uart_configure_stop_bits  hal_uart_driver.o
    0x08000f70   0x08000f70   0x00000016   Code   RO           10    i.hal_uart_configure_txe_interrupt  hal_uart_driver.o
    0x08000f86   0x08000f86   0x00000016   Code   RO           11    i.hal_uart_configure_word_length  hal_uart_driver.o
    0x08000f9c   0x08000f9c   0x0000000a   Code   RO           13    i.hal_uart_enable   hal_uart_driver.o
    0x08000fa6   0x08000fa6   0x0000001a   Code   RO           14    i.hal_uart_enable_disable_rx  hal_uart_driver.o
    0x08000fc0   0x08000fc0   0x0000001a   Code   RO           15    i.hal_uart_enable_disable_tx  hal_uart_driver.o
    0x08000fda   0x08000fda   0x00000004   Code   RO           16    i.hal_uart_error_cb  hal_uart_driver.o
    0x08000fde   0x08000fde   0x00000074   Code   RO           17    i.hal_uart_handle_RXNE_interrupt  hal_uart_driver.o
    0x08001052   0x08001052   0x00000024   Code   RO           18    i.hal_uart_handle_TC_interrupt  hal_uart_driver.o
    0x08001076   0x08001076   0x0000003c   Code   RO           19    i.hal_uart_handle_TXE_interrupt  hal_uart_driver.o
    0x080010b2   0x080010b2   0x000000f4   Code   RO           20    i.hal_uart_handle_interrupt  hal_uart_driver.o
    0x080011a6   0x080011a6   0x0000004a   Code   RO           21    i.hal_uart_init     hal_uart_driver.o
    0x080011f0   0x080011f0   0x00000032   Code   RO           22    i.hal_uart_rx       hal_uart_driver.o
    0x08001222   0x08001222   0x0000001e   Code   RO           23    i.hal_uart_set_baud_rate  hal_uart_driver.o
    0x08001240   0x08001240   0x00000024   Code   RO           24    i.hal_uart_tx       hal_uart_driver.o
    0x08001264   0x08001264   0x0000006c   Code   RO          273    i.handle_cmd        uart_main.o
    0x080012d0   0x080012d0   0x00000044   Code   RO          361    i.led_init          led.o
    0x08001314   0x08001314   0x00000012   Code   RO          363    i.led_turn_off      led.o
    0x08001326   0x08001326   0x00000012   Code   RO          364    i.led_turn_on       led.o
    0x08001338   0x08001338   0x000000c0   Code   RO          274    i.main              uart_main.o
    0x080013f8   0x080013f8   0x0000004c   Code   RO          275    i.parse_cmd         uart_main.o
    0x08001444   0x08001444   0x00000004   Code   RO          407    i.stderr_putchar    retarget_io.o
    0x08001448   0x08001448   0x00000004   Code   RO          409    i.stdout_putchar    retarget_io.o
    0x0800144c   0x0800144c   0x00000074   Code   RO          276    i.uart_gpio_init    uart_main.o
    0x080014c0   0x080014c0   0x0000000a   Code   RO          779    x$fpl$fpinit        fz_wm.l(fpinit.o)
    0x080014ca   0x080014ca   0x00000017   Data   RO          410    .constdata          retarget_io.o
    0x080014e1   0x080014e1   0x00000003   PAD
    0x080014e4   0x080014e4   0x00000020   Data   RO          860    Region$$Table       anon$$obj.o


    Execution Region ER_RW (Exec base: 0x20000000, Load base: 0x08001504, Size: 0x00000074, Max: 0xffffffff, ABSOLUTE)

    Exec Addr    Load Addr    Size         Type   Attr      Idx    E Section Name        Object

    0x20000000   0x08001504   0x00000067   Data   RW          278    .data               uart_main.o
    0x20000067   0x0800156b   0x00000001   PAD
    0x20000068   0x0800156c   0x00000004   Data   RW          557    .data               c_w.l(stdio_streams.o)
    0x2000006c   0x08001570   0x00000004   Data   RW          558    .data               c_w.l(stdio_streams.o)
    0x20000070   0x08001574   0x00000004   Data   RW          559    .data               c_w.l(stdio_streams.o)


    Execution Region ER_ZI (Exec base: 0x20000074, Load base: 0x08001578, Size: 0x0000079c, Max: 0xffffffff, ABSOLUTE)

    Exec Addr    Load Addr    Size         Type   Attr      Idx    E Section Name        Object

    0x20000074        -       0x0000003c   Zero   RW          277    .bss                uart_main.o
    0x200000b0        -       0x00000054   Zero   RW          554    .bss                c_w.l(stdio_streams.o)
    0x20000104        -       0x00000054   Zero   RW          555    .bss                c_w.l(stdio_streams.o)
    0x20000158        -       0x00000054   Zero   RW          556    .bss                c_w.l(stdio_streams.o)
    0x200001ac        -       0x00000060   Zero   RW          734    .bss                c_w.l(libspace.o)
    0x2000020c   0x08001578   0x00000004   PAD
    0x20000210        -       0x00000200   Zero   RW          486    HEAP                startup_stm32f429xx.o
    0x20000410        -       0x00000400   Zero   RW          485    STACK               startup_stm32f429xx.o


==============================================================================

Image component sizes


      Code (inc. data)   RO Data    RW Data    ZI Data      Debug   Object Name

       194          0          0          0          0       6250   hal_gpio_driver.o
       902          0          0          0          0     621868   hal_uart_driver.o
       104         10          0          0          0       1948   led.o
       354         24         23          0          0       6466   retarget_io.o
        64         26        428          0       1536        848   startup_stm32f429xx.o
       100         18          0          0          0        513   system_stm32f4xx.o
       618         92          0        103         60      37722   uart_main.o

    ----------------------------------------------------------------------
      2340        170        486        104       1596     675615   Object Totals
         0          0         32          0          0          0   (incl. Generated)
         4          0          3          1          0          0   (incl. Padding)

    ----------------------------------------------------------------------

      Code (inc. data)   RO Data    RW Data    ZI Data      Debug   Library Member Name

         8          0          0          0          0         68   __main.o
        40          0          0          0          0         84   __printf_nopercent.o
         0          0          0          0          0          0   __rtentry.o
        12          0          0          0          0          0   __rtentry2.o
         6          0          0          0          0          0   __rtentry4.o
        52          8          0          0          0          0   __scatter.o
        26          0          0          0          0          0   __scatter_copy.o
        28          0          0          0          0          0   __scatter_zi.o
        48          6          0          0          0         96   _printf_char_common.o
        36          4          0          0          0         80   _printf_char_file.o
        10          0          0          0          0         68   defsig_exit.o
        50          0          0          0          0         88   defsig_general.o
        80         58          0          0          0         76   defsig_rtmem_inner.o
        14          0          0          0          0         80   defsig_rtmem_outer.o
        52         38          0          0          0         76   defsig_rtred_inner.o
        14          0          0          0          0         80   defsig_rtred_outer.o
        18          0          0          0          0         80   exit.o
        76          0          0          0          0         88   fclose.o
         8          0          0          0          0         68   ferror.o
       236          4          0          0          0        128   fopen.o
       248          6          0          0          0         84   fseek.o
        66          0          0          0          0         76   ftell.o
        94          0          0          0          0         80   h1_alloc.o
        52          0          0          0          0         68   h1_extend.o
        78          0          0          0          0         80   h1_free.o
        14          0          0          0          0         84   h1_init.o
         6          0          0          0          0        152   heapauxi.o
         4          0          0          0          0        136   hguard.o
         0          0          0          0          0          0   indicate_semi.o
       138          0          0          0          0        168   init_alloc.o
       312         46          0          0          0        112   initio.o
         2          0          0          0          0          0   libinit.o
        18          0          0          0          0          0   libinit2.o
         2          0          0          0          0          0   libshutdown.o
         6          0          0          0          0          0   libshutdown2.o
         8          4          0          0         96         68   libspace.o
         0          0          0          0          0          0   maybetermalloc1.o
        24          4          0          0          0         84   noretval__2printf.o
         8          4          0          0          0         68   rt_errno_addr_intlibspace.o
         8          4          0          0          0         68   rt_heap_descriptor_intlibspace.o
        78          0          0          0          0         80   rt_memclr_w.o
         2          0          0          0          0          0   rtexit.o
        10          0          0          0          0          0   rtexit2.o
        70          0          0          0          0         80   setvbuf.o
       240          6          0          0          0        156   stdio.o
         0          0          0         12        252          0   stdio_streams.o
       128          0          0          0          0         68   strcmpv7m.o
        12          4          0          0          0         68   sys_exit.o
        74          0          0          0          0         80   sys_stackheap_outer.o
        14          0          0          0          0         76   sys_wrch.o
         2          0          0          0          0         68   use_no_semi.o
        10          0          0          0          0        116   fpinit.o

    ----------------------------------------------------------------------
      2554        196          0         12        352       3280   Library Totals
        12          0          0          0          4          0   (incl. Padding)

    ----------------------------------------------------------------------

      Code (inc. data)   RO Data    RW Data    ZI Data      Debug   Library Name

      2532        196          0         12        348       3164   c_w.l
        10          0          0          0          0        116   fz_wm.l

    ----------------------------------------------------------------------
      2554        196          0         12        352       3280   Library Totals

    ----------------------------------------------------------------------

==============================================================================


      Code (inc. data)   RO Data    RW Data    ZI Data      Debug   

      4894        366        486        116       1948     672879   Grand Totals
      4894        366        486        116       1948     672879   ELF Image Totals
      4894        366        486        116          0          0   ROM Totals

==============================================================================

    Total RO  Size (Code + RO Data)                 5380 (   5.25kB)
    Total RW  Size (RW Data + ZI Data)              2064 (   2.02kB)
    Total ROM Size (Code + RO Data + RW Data)       5496 (   5.37kB)

==============================================================================

