Component: ARM Compiler 5.06 update 6 (build 750) Tool: armlink [4d35ed]

==============================================================================

Section Cross References

    hal_gpio_driver.o(i.hal_gpio_init) refers to hal_gpio_driver.o(i.hal_gpio_configure_pin_mode) for hal_gpio_configure_pin_mode
    hal_gpio_driver.o(i.hal_gpio_init) refers to hal_gpio_driver.o(i.hal_gpio_configure_pin_speed) for hal_gpio_configure_pin_speed
    hal_gpio_driver.o(i.hal_gpio_init) refers to hal_gpio_driver.o(i.hal_gpio_configure_pin_otype) for hal_gpio_configure_pin_otype
    hal_gpio_driver.o(i.hal_gpio_init) refers to hal_gpio_driver.o(i.hal_gpio_configure_pin_pupd) for hal_gpio_configure_pin_pupd
    hal_spi_driver.o(i.hal_spi_close_rx_interrupt) refers to hal_spi_driver.o(i.hal_spi_is_bus_busy) for hal_spi_is_bus_busy
    hal_spi_driver.o(i.hal_spi_close_rx_interrupt) refers to hal_spi_driver.o(i.hal_spi_disable_rxne_interrupt) for hal_spi_disable_rxne_interrupt
    hal_spi_driver.o(i.hal_spi_handle_rx_interrupt) refers to hal_spi_driver.o(i.hal_spi_close_rx_interrupt) for hal_spi_close_rx_interrupt
    hal_spi_driver.o(i.hal_spi_handle_tx_interrupt) refers to hal_spi_driver.o(i.hal_spi_tx_close_interrupt) for hal_spi_tx_close_interrupt
    hal_spi_driver.o(i.hal_spi_init) refers to hal_spi_driver.o(i.hal_spi_configure_phase_and_polarity) for hal_spi_configure_phase_and_polarity
    hal_spi_driver.o(i.hal_spi_init) refers to hal_spi_driver.o(i.hal_spi_configure_device_mode) for hal_spi_configure_device_mode
    hal_spi_driver.o(i.hal_spi_init) refers to hal_spi_driver.o(i.hal_spi_configure_datasize) for hal_spi_configure_datasize
    hal_spi_driver.o(i.hal_spi_init) refers to hal_spi_driver.o(i.hal_spi_configure_nss_master) for hal_spi_configure_nss_master
    hal_spi_driver.o(i.hal_spi_init) refers to hal_spi_driver.o(i.hal_spi_configure_nss_slave) for hal_spi_configure_nss_slave
    hal_spi_driver.o(i.hal_spi_init) refers to hal_spi_driver.o(i.hal_spi_configure_baudrate) for hal_spi_configure_baudrate
    hal_spi_driver.o(i.hal_spi_init) refers to hal_spi_driver.o(i.hal_spi_configure_direction) for hal_spi_configure_direction
    hal_spi_driver.o(i.hal_spi_irq_handler) refers to hal_spi_driver.o(i.hal_spi_handle_rx_interrupt) for hal_spi_handle_rx_interrupt
    hal_spi_driver.o(i.hal_spi_irq_handler) refers to hal_spi_driver.o(i.hal_spi_handle_tx_interrupt) for hal_spi_handle_tx_interrupt
    hal_spi_driver.o(i.hal_spi_master_rx) refers to hal_spi_driver.o(i.hal_spi_enable_rxne_interrupt) for hal_spi_enable_rxne_interrupt
    hal_spi_driver.o(i.hal_spi_master_rx) refers to hal_spi_driver.o(i.hal_spi_enable_txe_interrupt) for hal_spi_enable_txe_interrupt
    hal_spi_driver.o(i.hal_spi_master_rx) refers to hal_spi_driver.o(i.hal_spi_enable) for hal_spi_enable
    hal_spi_driver.o(i.hal_spi_master_rx) refers to hal_spi_driver.o(.data) for dummu_tx
    hal_spi_driver.o(i.hal_spi_master_tx) refers to hal_spi_driver.o(i.hal_spi_enable_txe_interrupt) for hal_spi_enable_txe_interrupt
    hal_spi_driver.o(i.hal_spi_master_tx) refers to hal_spi_driver.o(i.hal_spi_enable) for hal_spi_enable
    hal_spi_driver.o(i.hal_spi_slave_rx) refers to hal_spi_driver.o(i.hal_spi_enable_rxne_interrupt) for hal_spi_enable_rxne_interrupt
    hal_spi_driver.o(i.hal_spi_slave_rx) refers to hal_spi_driver.o(i.hal_spi_enable) for hal_spi_enable
    hal_spi_driver.o(i.hal_spi_slave_tx) refers to hal_spi_driver.o(i.hal_spi_enable_rxne_interrupt) for hal_spi_enable_rxne_interrupt
    hal_spi_driver.o(i.hal_spi_slave_tx) refers to hal_spi_driver.o(i.hal_spi_enable_txe_interrupt) for hal_spi_enable_txe_interrupt
    hal_spi_driver.o(i.hal_spi_slave_tx) refers to hal_spi_driver.o(i.hal_spi_enable) for hal_spi_enable
    hal_spi_driver.o(i.hal_spi_slave_tx) refers to hal_spi_driver.o(.bss) for dummy_rx
    hal_spi_driver.o(i.hal_spi_tx_close_interrupt) refers to hal_spi_driver.o(i.hal_spi_disable_txe_interrupt) for hal_spi_disable_txe_interrupt
    spi_master.o(i.EXTI0_IRQHandler) refers to hal_gpio_driver.o(i.hal_gpio_clear_interrupt) for hal_gpio_clear_interrupt
    spi_master.o(i.EXTI0_IRQHandler) refers to spi_master.o(.data) for TestReady
    spi_master.o(i.SPI4_IRQHandler) refers to hal_spi_driver.o(i.hal_spi_irq_handler) for hal_spi_irq_handler
    spi_master.o(i.SPI4_IRQHandler) refers to spi_master.o(.bss) for SpiHandle
    spi_master.o(i.assert_error) refers to led.o(i.led_toggle) for led_toggle
    spi_master.o(i.assert_error) refers to spi_master.o(i.delay_gen) for delay_gen
    spi_master.o(i.main) refers to spi_master.o(i.spi_gpio_init) for spi_gpio_init
    spi_master.o(i.main) refers to led.o(i.led_init) for led_init
    spi_master.o(i.main) refers to hal_gpio_driver.o(i.hal_gpio_configure_interrupt) for hal_gpio_configure_interrupt
    spi_master.o(i.main) refers to hal_gpio_driver.o(i.hal_gpio_enable_interrupt) for hal_gpio_enable_interrupt
    spi_master.o(i.main) refers to hal_spi_driver.o(i.hal_spi_init) for hal_spi_init
    spi_master.o(i.main) refers to led.o(i.led_toggle) for led_toggle
    spi_master.o(i.main) refers to spi_master.o(i.delay_gen) for delay_gen
    spi_master.o(i.main) refers to led.o(i.led_turn_off) for led_turn_off
    spi_master.o(i.main) refers to hal_spi_driver.o(i.hal_spi_master_tx) for hal_spi_master_tx
    spi_master.o(i.main) refers to hal_spi_driver.o(i.hal_spi_master_rx) for hal_spi_master_rx
    spi_master.o(i.main) refers to led.o(i.led_turn_on) for led_turn_on
    spi_master.o(i.main) refers to spi_master.o(i.assert_error) for assert_error
    spi_master.o(i.main) refers to spi_master.o(.bss) for SpiHandle
    spi_master.o(i.main) refers to spi_master.o(.data) for TestReady
    spi_master.o(i.spi_gpio_init) refers to hal_gpio_driver.o(i.hal_gpio_set_alt_function) for hal_gpio_set_alt_function
    spi_master.o(i.spi_gpio_init) refers to hal_gpio_driver.o(i.hal_gpio_init) for hal_gpio_init
    led.o(i.led_init) refers to hal_gpio_driver.o(i.hal_gpio_init) for hal_gpio_init
    led.o(i.led_toggle) refers to hal_gpio_driver.o(i.hal_gpio_read_from_pin) for hal_gpio_read_from_pin
    led.o(i.led_toggle) refers to hal_gpio_driver.o(i.hal_gpio_write_to_pin) for hal_gpio_write_to_pin
    led.o(i.led_turn_off) refers to hal_gpio_driver.o(i.hal_gpio_write_to_pin) for hal_gpio_write_to_pin
    led.o(i.led_turn_on) refers to hal_gpio_driver.o(i.hal_gpio_write_to_pin) for hal_gpio_write_to_pin
    retarget_io.o(i.__aeabi_assert) refers to fputs.o(i.fputs) for fputs
    retarget_io.o(i.__aeabi_assert) refers to retarget_io.o(i.abort) for abort
    retarget_io.o(i.__aeabi_assert) refers to stderr.o(.data) for __stderr
    retarget_io.o(i.__backspace) refers to stdin.o(.data) for __stdin
    retarget_io.o(i.__backspace) refers to retarget_io.o(.data) for getchar_ch
    retarget_io.o(i.fgetc) refers to retarget_io.o(i.stdin_getchar) for stdin_getchar
    retarget_io.o(i.fgetc) refers to stdin.o(.data) for __stdin
    retarget_io.o(i.fgetc) refers to retarget_io.o(.data) for getchar_undo
    retarget_io.o(i.fputc) refers to retarget_io.o(i.stdout_putchar) for stdout_putchar
    retarget_io.o(i.fputc) refers to retarget_io.o(i.stderr_putchar) for stderr_putchar
    retarget_io.o(i.fputc) refers to stdout.o(.data) for __stdout
    retarget_io.o(i.fputc) refers to stderr.o(.data) for __stderr
    startup_stm32f429xx.o(RESET) refers to startup_stm32f429xx.o(STACK) for __initial_sp
    startup_stm32f429xx.o(RESET) refers to startup_stm32f429xx.o(.text) for Reset_Handler
    startup_stm32f429xx.o(RESET) refers to spi_master.o(i.EXTI0_IRQHandler) for EXTI0_IRQHandler
    startup_stm32f429xx.o(RESET) refers to spi_master.o(i.SPI4_IRQHandler) for SPI4_IRQHandler
    startup_stm32f429xx.o(.text) refers to system_stm32f4xx.o(i.SystemInit) for SystemInit
    startup_stm32f429xx.o(.text) refers to entry.o(.ARM.Collect$$$$00000000) for __main
    system_stm32f4xx.o(i.SystemCoreClockUpdate) refers to system_stm32f4xx.o(.data) for SystemCoreClock
    system_stm32f4xx.o(i.SystemCoreClockUpdate) refers to system_stm32f4xx.o(.constdata) for AHBPrescTable
    entry.o(.ARM.Collect$$$$00000000) refers (Special) to entry10a.o(.ARM.Collect$$$$0000000D) for __rt_final_cpp
    entry.o(.ARM.Collect$$$$00000000) refers (Special) to entry11a.o(.ARM.Collect$$$$0000000F) for __rt_final_exit
    entry.o(.ARM.Collect$$$$00000000) refers (Special) to entry7b.o(.ARM.Collect$$$$00000008) for _main_clock
    entry.o(.ARM.Collect$$$$00000000) refers (Special) to entry8b.o(.ARM.Collect$$$$0000000A) for _main_cpp_init
    entry.o(.ARM.Collect$$$$00000000) refers (Special) to entry9a.o(.ARM.Collect$$$$0000000B) for _main_init
    entry.o(.ARM.Collect$$$$00000000) refers (Special) to entry5.o(.ARM.Collect$$$$00000004) for _main_scatterload
    entry.o(.ARM.Collect$$$$00000000) refers (Special) to entry2.o(.ARM.Collect$$$$00000001) for _main_stk
    fputs.o(i.fputs) refers to retarget_io.o(i.fputc) for fputc
    fputs_e.o(.text) refers to retarget_io.o(i.fputc) for fputc
    entry2.o(.ARM.Collect$$$$00000001) refers to entry2.o(.ARM.Collect$$$$00002712) for __lit__00000000
    entry2.o(.ARM.Collect$$$$00002712) refers to startup_stm32f429xx.o(STACK) for __initial_sp
    entry2.o(__vectab_stack_and_reset_area) refers to startup_stm32f429xx.o(STACK) for __initial_sp
    entry2.o(__vectab_stack_and_reset_area) refers to entry.o(.ARM.Collect$$$$00000000) for __main
    entry5.o(.ARM.Collect$$$$00000004) refers to init.o(.text) for __scatterload
    entry9a.o(.ARM.Collect$$$$0000000B) refers to spi_master.o(i.main) for main
    entry9b.o(.ARM.Collect$$$$0000000C) refers to spi_master.o(i.main) for main
    init.o(.text) refers to entry5.o(.ARM.Collect$$$$00000004) for __main_after_scatterload


==============================================================================

Removing Unused input sections from the image.

    Removing hal_gpio_driver.o(.rev16_text), (4 bytes).
    Removing hal_gpio_driver.o(.revsh_text), (4 bytes).
    Removing hal_gpio_driver.o(.rrx_text), (6 bytes).
    Removing hal_spi_driver.o(.rev16_text), (4 bytes).
    Removing hal_spi_driver.o(.revsh_text), (4 bytes).
    Removing hal_spi_driver.o(.rrx_text), (6 bytes).
    Removing hal_spi_driver.o(i.hal_spi_disable), (10 bytes).
    Removing hal_spi_driver.o(i.hal_spi_slave_rx), (34 bytes).
    Removing hal_spi_driver.o(i.hal_spi_slave_tx), (52 bytes).
    Removing hal_spi_driver.o(.bss), (10 bytes).
    Removing spi_master.o(.rev16_text), (4 bytes).
    Removing spi_master.o(.revsh_text), (4 bytes).
    Removing spi_master.o(.rrx_text), (6 bytes).
    Removing spi_master.o(i.Buffercmp), (36 bytes).
    Removing led.o(.rev16_text), (4 bytes).
    Removing led.o(.revsh_text), (4 bytes).
    Removing led.o(.rrx_text), (6 bytes).
    Removing retarget_io.o(i.__aeabi_assert), (156 bytes).
    Removing retarget_io.o(i.__backspace), (52 bytes).
    Removing retarget_io.o(i.abort), (4 bytes).
    Removing retarget_io.o(i.fgetc), (72 bytes).
    Removing retarget_io.o(i.fputc), (48 bytes).
    Removing retarget_io.o(i.stderr_putchar), (4 bytes).
    Removing retarget_io.o(i.stdin_getchar), (8 bytes).
    Removing retarget_io.o(i.stdout_putchar), (4 bytes).
    Removing retarget_io.o(.data), (8 bytes).
    Removing startup_stm32f429xx.o(HEAP), (512 bytes).
    Removing system_stm32f4xx.o(.rev16_text), (4 bytes).
    Removing system_stm32f4xx.o(.revsh_text), (4 bytes).
    Removing system_stm32f4xx.o(.rrx_text), (6 bytes).
    Removing system_stm32f4xx.o(i.SystemCoreClockUpdate), (192 bytes).
    Removing system_stm32f4xx.o(.constdata), (24 bytes).
    Removing system_stm32f4xx.o(.data), (4 bytes).

33 unused section(s) (total 1300 bytes) removed from the image.

==============================================================================

Image Symbol Table

    Local Symbols

    Symbol Name                              Value     Ov Type        Size  Object(Section)

    ../clib/microlib/init/entry.s            0x00000000   Number         0  entry11b.o ABSOLUTE
    ../clib/microlib/init/entry.s            0x00000000   Number         0  entry8b.o ABSOLUTE
    ../clib/microlib/init/entry.s            0x00000000   Number         0  entry9a.o ABSOLUTE
    ../clib/microlib/init/entry.s            0x00000000   Number         0  entry9b.o ABSOLUTE
    ../clib/microlib/init/entry.s            0x00000000   Number         0  entry10a.o ABSOLUTE
    ../clib/microlib/init/entry.s            0x00000000   Number         0  entry.o ABSOLUTE
    ../clib/microlib/init/entry.s            0x00000000   Number         0  entry10b.o ABSOLUTE
    ../clib/microlib/init/entry.s            0x00000000   Number         0  entry11a.o ABSOLUTE
    ../clib/microlib/init/entry.s            0x00000000   Number         0  entry2.o ABSOLUTE
    ../clib/microlib/init/entry.s            0x00000000   Number         0  entry5.o ABSOLUTE
    ../clib/microlib/init/entry.s            0x00000000   Number         0  entry7a.o ABSOLUTE
    ../clib/microlib/init/entry.s            0x00000000   Number         0  entry7b.o ABSOLUTE
    ../clib/microlib/init/entry.s            0x00000000   Number         0  entry8a.o ABSOLUTE
    ../clib/microlib/stdio/fputs.c           0x00000000   Number         0  fputs_e.o ABSOLUTE
    ../clib/microlib/stdio/fputs.c           0x00000000   Number         0  fputs.o ABSOLUTE
    ../clib/microlib/stdio/streams.c         0x00000000   Number         0  stderr.o ABSOLUTE
    ../clib/microlib/stdio/streams.c         0x00000000   Number         0  stdout.o ABSOLUTE
    ../clib/microlib/stdio/streams.c         0x00000000   Number         0  stdin.o ABSOLUTE
    D:\Keil\ARM\PACK\Keil\ARM_Compiler\1.6.1\Source\retarget_io.c 0x00000000   Number         0  retarget_io.o ABSOLUTE
    RTE\Device\STM32F429ZITx\startup_stm32f429xx.s 0x00000000   Number         0  startup_stm32f429xx.o ABSOLUTE
    RTE\Device\STM32F429ZITx\system_stm32f4xx.c 0x00000000   Number         0  system_stm32f4xx.o ABSOLUTE
    RTE\\Device\\STM32F429ZITx\\system_stm32f4xx.c 0x00000000   Number         0  system_stm32f4xx.o ABSOLUTE
    dc.s                                     0x00000000   Number         0  dc.o ABSOLUTE
    hal_gpio_driver.c                        0x00000000   Number         0  hal_gpio_driver.o ABSOLUTE
    hal_gpio_driver.c                        0x00000000   Number         0  hal_gpio_driver.o ABSOLUTE
    hal_spi_driver.c                         0x00000000   Number         0  hal_spi_driver.o ABSOLUTE
    hal_spi_driver.c                         0x00000000   Number         0  hal_spi_driver.o ABSOLUTE
    handlers.s                               0x00000000   Number         0  handlers.o ABSOLUTE
    init.s                                   0x00000000   Number         0  init.o ABSOLUTE
    led.c                                    0x00000000   Number         0  led.o ABSOLUTE
    led.c                                    0x00000000   Number         0  led.o ABSOLUTE
    spi_master.c                             0x00000000   Number         0  spi_master.o ABSOLUTE
    spi_master.c                             0x00000000   Number         0  spi_master.o ABSOLUTE
    RESET                                    0x08000000   Section      428  startup_stm32f429xx.o(RESET)
    .ARM.Collect$$$$00000000                 0x080001ac   Section        0  entry.o(.ARM.Collect$$$$00000000)
    .ARM.Collect$$$$00000001                 0x080001ac   Section        4  entry2.o(.ARM.Collect$$$$00000001)
    .ARM.Collect$$$$00000004                 0x080001b0   Section        4  entry5.o(.ARM.Collect$$$$00000004)
    .ARM.Collect$$$$00000008                 0x080001b4   Section        0  entry7b.o(.ARM.Collect$$$$00000008)
    .ARM.Collect$$$$0000000A                 0x080001b4   Section        0  entry8b.o(.ARM.Collect$$$$0000000A)
    .ARM.Collect$$$$0000000B                 0x080001b4   Section        8  entry9a.o(.ARM.Collect$$$$0000000B)
    .ARM.Collect$$$$0000000D                 0x080001bc   Section        0  entry10a.o(.ARM.Collect$$$$0000000D)
    .ARM.Collect$$$$0000000F                 0x080001bc   Section        0  entry11a.o(.ARM.Collect$$$$0000000F)
    .ARM.Collect$$$$00002712                 0x080001bc   Section        4  entry2.o(.ARM.Collect$$$$00002712)
    __lit__00000000                          0x080001bc   Data           4  entry2.o(.ARM.Collect$$$$00002712)
    .text                                    0x080001c0   Section       36  startup_stm32f429xx.o(.text)
    $v0                                      0x080001c0   Number         0  startup_stm32f429xx.o(.text)
    .text                                    0x080001e4   Section       36  init.o(.text)
    i.EXTI0_IRQHandler                       0x08000208   Section        0  spi_master.o(i.EXTI0_IRQHandler)
    i.SPI4_IRQHandler                        0x0800021c   Section        0  spi_master.o(i.SPI4_IRQHandler)
    i.SystemInit                             0x0800022c   Section        0  system_stm32f4xx.o(i.SystemInit)
    i.__scatterload_copy                     0x08000290   Section       14  handlers.o(i.__scatterload_copy)
    i.__scatterload_null                     0x0800029e   Section        2  handlers.o(i.__scatterload_null)
    i.__scatterload_zeroinit                 0x080002a0   Section       14  handlers.o(i.__scatterload_zeroinit)
    i.assert_error                           0x080002b0   Section        0  spi_master.o(i.assert_error)
    i.delay_gen                              0x080002c4   Section        0  spi_master.o(i.delay_gen)
    i.hal_gpio_clear_interrupt               0x080002d8   Section        0  hal_gpio_driver.o(i.hal_gpio_clear_interrupt)
    i.hal_gpio_configure_interrupt           0x080002f8   Section        0  hal_gpio_driver.o(i.hal_gpio_configure_interrupt)
    i.hal_gpio_configure_pin_mode            0x0800034c   Section        0  hal_gpio_driver.o(i.hal_gpio_configure_pin_mode)
    i.hal_gpio_configure_pin_otype           0x0800035c   Section        0  hal_gpio_driver.o(i.hal_gpio_configure_pin_otype)
    i.hal_gpio_configure_pin_pupd            0x0800036a   Section        0  hal_gpio_driver.o(i.hal_gpio_configure_pin_pupd)
    i.hal_gpio_configure_pin_speed           0x0800037a   Section        0  hal_gpio_driver.o(i.hal_gpio_configure_pin_speed)
    i.hal_gpio_enable_interrupt              0x0800038c   Section        0  hal_gpio_driver.o(i.hal_gpio_enable_interrupt)
    i.hal_gpio_init                          0x080003c0   Section        0  hal_gpio_driver.o(i.hal_gpio_init)
    i.hal_gpio_read_from_pin                 0x080003f8   Section        0  hal_gpio_driver.o(i.hal_gpio_read_from_pin)
    i.hal_gpio_set_alt_function              0x08000404   Section        0  hal_gpio_driver.o(i.hal_gpio_set_alt_function)
    i.hal_gpio_write_to_pin                  0x08000434   Section        0  hal_gpio_driver.o(i.hal_gpio_write_to_pin)
    i.hal_spi_close_rx_interrupt             0x08000450   Section        0  hal_spi_driver.o(i.hal_spi_close_rx_interrupt)
    hal_spi_close_rx_interrupt               0x08000451   Thumb Code    30  hal_spi_driver.o(i.hal_spi_close_rx_interrupt)
    i.hal_spi_configure_baudrate             0x08000470   Section        0  hal_spi_driver.o(i.hal_spi_configure_baudrate)
    i.hal_spi_configure_datasize             0x0800048c   Section        0  hal_spi_driver.o(i.hal_spi_configure_datasize)
    i.hal_spi_configure_device_mode          0x080004b6   Section        0  hal_spi_driver.o(i.hal_spi_configure_device_mode)
    i.hal_spi_configure_direction            0x080004cc   Section        0  hal_spi_driver.o(i.hal_spi_configure_direction)
    i.hal_spi_configure_nss_master           0x080004e2   Section        0  hal_spi_driver.o(i.hal_spi_configure_nss_master)
    i.hal_spi_configure_nss_slave            0x080004f8   Section        0  hal_spi_driver.o(i.hal_spi_configure_nss_slave)
    i.hal_spi_configure_phase_and_polarity   0x0800050e   Section        0  hal_spi_driver.o(i.hal_spi_configure_phase_and_polarity)
    i.hal_spi_disable_rxne_interrupt         0x08000538   Section        0  hal_spi_driver.o(i.hal_spi_disable_rxne_interrupt)
    hal_spi_disable_rxne_interrupt           0x08000539   Thumb Code    10  hal_spi_driver.o(i.hal_spi_disable_rxne_interrupt)
    i.hal_spi_disable_txe_interrupt          0x08000542   Section        0  hal_spi_driver.o(i.hal_spi_disable_txe_interrupt)
    hal_spi_disable_txe_interrupt            0x08000543   Thumb Code    10  hal_spi_driver.o(i.hal_spi_disable_txe_interrupt)
    i.hal_spi_enable                         0x0800054c   Section        0  hal_spi_driver.o(i.hal_spi_enable)
    i.hal_spi_enable_rxne_interrupt          0x0800055e   Section        0  hal_spi_driver.o(i.hal_spi_enable_rxne_interrupt)
    hal_spi_enable_rxne_interrupt            0x0800055f   Thumb Code    10  hal_spi_driver.o(i.hal_spi_enable_rxne_interrupt)
    i.hal_spi_enable_txe_interrupt           0x08000568   Section        0  hal_spi_driver.o(i.hal_spi_enable_txe_interrupt)
    hal_spi_enable_txe_interrupt             0x08000569   Thumb Code    10  hal_spi_driver.o(i.hal_spi_enable_txe_interrupt)
    i.hal_spi_handle_rx_interrupt            0x08000572   Section        0  hal_spi_driver.o(i.hal_spi_handle_rx_interrupt)
    hal_spi_handle_rx_interrupt              0x08000573   Thumb Code    66  hal_spi_driver.o(i.hal_spi_handle_rx_interrupt)
    i.hal_spi_handle_tx_interrupt            0x080005b4   Section        0  hal_spi_driver.o(i.hal_spi_handle_tx_interrupt)
    i.hal_spi_init                           0x080005f0   Section        0  hal_spi_driver.o(i.hal_spi_init)
    i.hal_spi_irq_handler                    0x0800063a   Section        0  hal_spi_driver.o(i.hal_spi_irq_handler)
    i.hal_spi_is_bus_busy                    0x0800067e   Section        0  hal_spi_driver.o(i.hal_spi_is_bus_busy)
    i.hal_spi_master_rx                      0x08000690   Section        0  hal_spi_driver.o(i.hal_spi_master_rx)
    i.hal_spi_master_tx                      0x080006d0   Section        0  hal_spi_driver.o(i.hal_spi_master_tx)
    i.hal_spi_tx_close_interrupt             0x080006f8   Section        0  hal_spi_driver.o(i.hal_spi_tx_close_interrupt)
    hal_spi_tx_close_interrupt               0x080006f9   Thumb Code    30  hal_spi_driver.o(i.hal_spi_tx_close_interrupt)
    i.led_init                               0x08000718   Section        0  led.o(i.led_init)
    i.led_toggle                             0x0800075c   Section        0  led.o(i.led_toggle)
    i.led_turn_off                           0x08000784   Section        0  led.o(i.led_turn_off)
    i.led_turn_on                            0x08000796   Section        0  led.o(i.led_turn_on)
    i.main                                   0x080007a8   Section        0  spi_master.o(i.main)
    i.spi_gpio_init                          0x080008d4   Section        0  spi_master.o(i.spi_gpio_init)
    .data                                    0x20000000   Section        2  hal_spi_driver.o(.data)
    .data                                    0x20000004   Section       16  spi_master.o(.data)
    .bss                                     0x20000014   Section       56  spi_master.o(.bss)
    STACK                                    0x20000050   Section     1024  startup_stm32f429xx.o(STACK)

    Global Symbols

    Symbol Name                              Value     Ov Type        Size  Object(Section)

    BuildAttributes$$THM_ISAv4$E$P$D$K$B$S$7EM$VFPi3$EXTD16$VFPS$VFMA$PE$A:L22UL41UL21$X:L11$S22US41US21$IEEE1$IW$USESV6$~STKCKD$USESV7$~SHL$OSPACE$EBA8$MICROLIB$REQ8$PRES8$EABIv2 0x00000000   Number         0  anon$$obj.o ABSOLUTE
    __ARM_use_no_argv                        0x00000000   Number         0  spi_master.o ABSOLUTE
    __cpp_initialize__aeabi_                  - Undefined Weak Reference
    __cxa_finalize                            - Undefined Weak Reference
    __decompress                              - Undefined Weak Reference
    _clock_init                               - Undefined Weak Reference
    _microlib_exit                            - Undefined Weak Reference
    __Vectors_Size                           0x000001ac   Number         0  startup_stm32f429xx.o ABSOLUTE
    __Vectors                                0x08000000   Data           4  startup_stm32f429xx.o(RESET)
    __Vectors_End                            0x080001ac   Data           0  startup_stm32f429xx.o(RESET)
    __main                                   0x080001ad   Thumb Code     0  entry.o(.ARM.Collect$$$$00000000)
    _main_stk                                0x080001ad   Thumb Code     0  entry2.o(.ARM.Collect$$$$00000001)
    _main_scatterload                        0x080001b1   Thumb Code     0  entry5.o(.ARM.Collect$$$$00000004)
    __main_after_scatterload                 0x080001b5   Thumb Code     0  entry5.o(.ARM.Collect$$$$00000004)
    _main_clock                              0x080001b5   Thumb Code     0  entry7b.o(.ARM.Collect$$$$00000008)
    _main_cpp_init                           0x080001b5   Thumb Code     0  entry8b.o(.ARM.Collect$$$$0000000A)
    _main_init                               0x080001b5   Thumb Code     0  entry9a.o(.ARM.Collect$$$$0000000B)
    __rt_final_cpp                           0x080001bd   Thumb Code     0  entry10a.o(.ARM.Collect$$$$0000000D)
    __rt_final_exit                          0x080001bd   Thumb Code     0  entry11a.o(.ARM.Collect$$$$0000000F)
    Reset_Handler                            0x080001c1   Thumb Code     8  startup_stm32f429xx.o(.text)
    NMI_Handler                              0x080001c9   Thumb Code     2  startup_stm32f429xx.o(.text)
    HardFault_Handler                        0x080001cb   Thumb Code     2  startup_stm32f429xx.o(.text)
    MemManage_Handler                        0x080001cd   Thumb Code     2  startup_stm32f429xx.o(.text)
    BusFault_Handler                         0x080001cf   Thumb Code     2  startup_stm32f429xx.o(.text)
    UsageFault_Handler                       0x080001d1   Thumb Code     2  startup_stm32f429xx.o(.text)
    SVC_Handler                              0x080001d3   Thumb Code     2  startup_stm32f429xx.o(.text)
    DebugMon_Handler                         0x080001d5   Thumb Code     2  startup_stm32f429xx.o(.text)
    PendSV_Handler                           0x080001d7   Thumb Code     2  startup_stm32f429xx.o(.text)
    SysTick_Handler                          0x080001d9   Thumb Code     2  startup_stm32f429xx.o(.text)
    ADC_IRQHandler                           0x080001db   Thumb Code     0  startup_stm32f429xx.o(.text)
    CAN1_RX0_IRQHandler                      0x080001db   Thumb Code     0  startup_stm32f429xx.o(.text)
    CAN1_RX1_IRQHandler                      0x080001db   Thumb Code     0  startup_stm32f429xx.o(.text)
    CAN1_SCE_IRQHandler                      0x080001db   Thumb Code     0  startup_stm32f429xx.o(.text)
    CAN1_TX_IRQHandler                       0x080001db   Thumb Code     0  startup_stm32f429xx.o(.text)
    CAN2_RX0_IRQHandler                      0x080001db   Thumb Code     0  startup_stm32f429xx.o(.text)
    CAN2_RX1_IRQHandler                      0x080001db   Thumb Code     0  startup_stm32f429xx.o(.text)
    CAN2_SCE_IRQHandler                      0x080001db   Thumb Code     0  startup_stm32f429xx.o(.text)
    CAN2_TX_IRQHandler                       0x080001db   Thumb Code     0  startup_stm32f429xx.o(.text)
    DCMI_IRQHandler                          0x080001db   Thumb Code     0  startup_stm32f429xx.o(.text)
    DMA1_Stream0_IRQHandler                  0x080001db   Thumb Code     0  startup_stm32f429xx.o(.text)
    DMA1_Stream1_IRQHandler                  0x080001db   Thumb Code     0  startup_stm32f429xx.o(.text)
    DMA1_Stream2_IRQHandler                  0x080001db   Thumb Code     0  startup_stm32f429xx.o(.text)
    DMA1_Stream3_IRQHandler                  0x080001db   Thumb Code     0  startup_stm32f429xx.o(.text)
    DMA1_Stream4_IRQHandler                  0x080001db   Thumb Code     0  startup_stm32f429xx.o(.text)
    DMA1_Stream5_IRQHandler                  0x080001db   Thumb Code     0  startup_stm32f429xx.o(.text)
    DMA1_Stream6_IRQHandler                  0x080001db   Thumb Code     0  startup_stm32f429xx.o(.text)
    DMA1_Stream7_IRQHandler                  0x080001db   Thumb Code     0  startup_stm32f429xx.o(.text)
    DMA2D_IRQHandler                         0x080001db   Thumb Code     0  startup_stm32f429xx.o(.text)
    DMA2_Stream0_IRQHandler                  0x080001db   Thumb Code     0  startup_stm32f429xx.o(.text)
    DMA2_Stream1_IRQHandler                  0x080001db   Thumb Code     0  startup_stm32f429xx.o(.text)
    DMA2_Stream2_IRQHandler                  0x080001db   Thumb Code     0  startup_stm32f429xx.o(.text)
    DMA2_Stream3_IRQHandler                  0x080001db   Thumb Code     0  startup_stm32f429xx.o(.text)
    DMA2_Stream4_IRQHandler                  0x080001db   Thumb Code     0  startup_stm32f429xx.o(.text)
    DMA2_Stream5_IRQHandler                  0x080001db   Thumb Code     0  startup_stm32f429xx.o(.text)
    DMA2_Stream6_IRQHandler                  0x080001db   Thumb Code     0  startup_stm32f429xx.o(.text)
    DMA2_Stream7_IRQHandler                  0x080001db   Thumb Code     0  startup_stm32f429xx.o(.text)
    ETH_IRQHandler                           0x080001db   Thumb Code     0  startup_stm32f429xx.o(.text)
    ETH_WKUP_IRQHandler                      0x080001db   Thumb Code     0  startup_stm32f429xx.o(.text)
    EXTI15_10_IRQHandler                     0x080001db   Thumb Code     0  startup_stm32f429xx.o(.text)
    EXTI1_IRQHandler                         0x080001db   Thumb Code     0  startup_stm32f429xx.o(.text)
    EXTI2_IRQHandler                         0x080001db   Thumb Code     0  startup_stm32f429xx.o(.text)
    EXTI3_IRQHandler                         0x080001db   Thumb Code     0  startup_stm32f429xx.o(.text)
    EXTI4_IRQHandler                         0x080001db   Thumb Code     0  startup_stm32f429xx.o(.text)
    EXTI9_5_IRQHandler                       0x080001db   Thumb Code     0  startup_stm32f429xx.o(.text)
    FLASH_IRQHandler                         0x080001db   Thumb Code     0  startup_stm32f429xx.o(.text)
    FMC_IRQHandler                           0x080001db   Thumb Code     0  startup_stm32f429xx.o(.text)
    FPU_IRQHandler                           0x080001db   Thumb Code     0  startup_stm32f429xx.o(.text)
    HASH_RNG_IRQHandler                      0x080001db   Thumb Code     0  startup_stm32f429xx.o(.text)
    I2C1_ER_IRQHandler                       0x080001db   Thumb Code     0  startup_stm32f429xx.o(.text)
    I2C1_EV_IRQHandler                       0x080001db   Thumb Code     0  startup_stm32f429xx.o(.text)
    I2C2_ER_IRQHandler                       0x080001db   Thumb Code     0  startup_stm32f429xx.o(.text)
    I2C2_EV_IRQHandler                       0x080001db   Thumb Code     0  startup_stm32f429xx.o(.text)
    I2C3_ER_IRQHandler                       0x080001db   Thumb Code     0  startup_stm32f429xx.o(.text)
    I2C3_EV_IRQHandler                       0x080001db   Thumb Code     0  startup_stm32f429xx.o(.text)
    LTDC_ER_IRQHandler                       0x080001db   Thumb Code     0  startup_stm32f429xx.o(.text)
    LTDC_IRQHandler                          0x080001db   Thumb Code     0  startup_stm32f429xx.o(.text)
    OTG_FS_IRQHandler                        0x080001db   Thumb Code     0  startup_stm32f429xx.o(.text)
    OTG_FS_WKUP_IRQHandler                   0x080001db   Thumb Code     0  startup_stm32f429xx.o(.text)
    OTG_HS_EP1_IN_IRQHandler                 0x080001db   Thumb Code     0  startup_stm32f429xx.o(.text)
    OTG_HS_EP1_OUT_IRQHandler                0x080001db   Thumb Code     0  startup_stm32f429xx.o(.text)
    OTG_HS_IRQHandler                        0x080001db   Thumb Code     0  startup_stm32f429xx.o(.text)
    OTG_HS_WKUP_IRQHandler                   0x080001db   Thumb Code     0  startup_stm32f429xx.o(.text)
    PVD_IRQHandler                           0x080001db   Thumb Code     0  startup_stm32f429xx.o(.text)
    RCC_IRQHandler                           0x080001db   Thumb Code     0  startup_stm32f429xx.o(.text)
    RTC_Alarm_IRQHandler                     0x080001db   Thumb Code     0  startup_stm32f429xx.o(.text)
    RTC_WKUP_IRQHandler                      0x080001db   Thumb Code     0  startup_stm32f429xx.o(.text)
    SAI1_IRQHandler                          0x080001db   Thumb Code     0  startup_stm32f429xx.o(.text)
    SDIO_IRQHandler                          0x080001db   Thumb Code     0  startup_stm32f429xx.o(.text)
    SPI1_IRQHandler                          0x080001db   Thumb Code     0  startup_stm32f429xx.o(.text)
    SPI2_IRQHandler                          0x080001db   Thumb Code     0  startup_stm32f429xx.o(.text)
    SPI3_IRQHandler                          0x080001db   Thumb Code     0  startup_stm32f429xx.o(.text)
    SPI5_IRQHandler                          0x080001db   Thumb Code     0  startup_stm32f429xx.o(.text)
    SPI6_IRQHandler                          0x080001db   Thumb Code     0  startup_stm32f429xx.o(.text)
    TAMP_STAMP_IRQHandler                    0x080001db   Thumb Code     0  startup_stm32f429xx.o(.text)
    TIM1_BRK_TIM9_IRQHandler                 0x080001db   Thumb Code     0  startup_stm32f429xx.o(.text)
    TIM1_CC_IRQHandler                       0x080001db   Thumb Code     0  startup_stm32f429xx.o(.text)
    TIM1_TRG_COM_TIM11_IRQHandler            0x080001db   Thumb Code     0  startup_stm32f429xx.o(.text)
    TIM1_UP_TIM10_IRQHandler                 0x080001db   Thumb Code     0  startup_stm32f429xx.o(.text)
    TIM2_IRQHandler                          0x080001db   Thumb Code     0  startup_stm32f429xx.o(.text)
    TIM3_IRQHandler                          0x080001db   Thumb Code     0  startup_stm32f429xx.o(.text)
    TIM4_IRQHandler                          0x080001db   Thumb Code     0  startup_stm32f429xx.o(.text)
    TIM5_IRQHandler                          0x080001db   Thumb Code     0  startup_stm32f429xx.o(.text)
    TIM6_DAC_IRQHandler                      0x080001db   Thumb Code     0  startup_stm32f429xx.o(.text)
    TIM7_IRQHandler                          0x080001db   Thumb Code     0  startup_stm32f429xx.o(.text)
    TIM8_BRK_TIM12_IRQHandler                0x080001db   Thumb Code     0  startup_stm32f429xx.o(.text)
    TIM8_CC_IRQHandler                       0x080001db   Thumb Code     0  startup_stm32f429xx.o(.text)
    TIM8_TRG_COM_TIM14_IRQHandler            0x080001db   Thumb Code     0  startup_stm32f429xx.o(.text)
    TIM8_UP_TIM13_IRQHandler                 0x080001db   Thumb Code     0  startup_stm32f429xx.o(.text)
    UART4_IRQHandler                         0x080001db   Thumb Code     0  startup_stm32f429xx.o(.text)
    UART5_IRQHandler                         0x080001db   Thumb Code     0  startup_stm32f429xx.o(.text)
    UART7_IRQHandler                         0x080001db   Thumb Code     0  startup_stm32f429xx.o(.text)
    UART8_IRQHandler                         0x080001db   Thumb Code     0  startup_stm32f429xx.o(.text)
    USART1_IRQHandler                        0x080001db   Thumb Code     0  startup_stm32f429xx.o(.text)
    USART2_IRQHandler                        0x080001db   Thumb Code     0  startup_stm32f429xx.o(.text)
    USART3_IRQHandler                        0x080001db   Thumb Code     0  startup_stm32f429xx.o(.text)
    USART6_IRQHandler                        0x080001db   Thumb Code     0  startup_stm32f429xx.o(.text)
    WWDG_IRQHandler                          0x080001db   Thumb Code     0  startup_stm32f429xx.o(.text)
    __scatterload                            0x080001e5   Thumb Code    28  init.o(.text)
    __scatterload_rt2                        0x080001e5   Thumb Code     0  init.o(.text)
    EXTI0_IRQHandler                         0x08000209   Thumb Code    16  spi_master.o(i.EXTI0_IRQHandler)
    SPI4_IRQHandler                          0x0800021d   Thumb Code    10  spi_master.o(i.SPI4_IRQHandler)
    SystemInit                               0x0800022d   Thumb Code    82  system_stm32f4xx.o(i.SystemInit)
    __scatterload_copy                       0x08000291   Thumb Code    14  handlers.o(i.__scatterload_copy)
    __scatterload_null                       0x0800029f   Thumb Code     2  handlers.o(i.__scatterload_null)
    __scatterload_zeroinit                   0x080002a1   Thumb Code    14  handlers.o(i.__scatterload_zeroinit)
    assert_error                             0x080002b1   Thumb Code    16  spi_master.o(i.assert_error)
    delay_gen                                0x080002c5   Thumb Code    14  spi_master.o(i.delay_gen)
    hal_gpio_clear_interrupt                 0x080002d9   Thumb Code    28  hal_gpio_driver.o(i.hal_gpio_clear_interrupt)
    hal_gpio_configure_interrupt             0x080002f9   Thumb Code    80  hal_gpio_driver.o(i.hal_gpio_configure_interrupt)
    hal_gpio_configure_pin_mode              0x0800034d   Thumb Code    16  hal_gpio_driver.o(i.hal_gpio_configure_pin_mode)
    hal_gpio_configure_pin_otype             0x0800035d   Thumb Code    14  hal_gpio_driver.o(i.hal_gpio_configure_pin_otype)
    hal_gpio_configure_pin_pupd              0x0800036b   Thumb Code    16  hal_gpio_driver.o(i.hal_gpio_configure_pin_pupd)
    hal_gpio_configure_pin_speed             0x0800037b   Thumb Code    16  hal_gpio_driver.o(i.hal_gpio_configure_pin_speed)
    hal_gpio_enable_interrupt                0x0800038d   Thumb Code    48  hal_gpio_driver.o(i.hal_gpio_enable_interrupt)
    hal_gpio_init                            0x080003c1   Thumb Code    56  hal_gpio_driver.o(i.hal_gpio_init)
    hal_gpio_read_from_pin                   0x080003f9   Thumb Code    12  hal_gpio_driver.o(i.hal_gpio_read_from_pin)
    hal_gpio_set_alt_function                0x08000405   Thumb Code    48  hal_gpio_driver.o(i.hal_gpio_set_alt_function)
    hal_gpio_write_to_pin                    0x08000435   Thumb Code    28  hal_gpio_driver.o(i.hal_gpio_write_to_pin)
    hal_spi_configure_baudrate               0x08000471   Thumb Code    24  hal_spi_driver.o(i.hal_spi_configure_baudrate)
    hal_spi_configure_datasize               0x0800048d   Thumb Code    42  hal_spi_driver.o(i.hal_spi_configure_datasize)
    hal_spi_configure_device_mode            0x080004b7   Thumb Code    22  hal_spi_driver.o(i.hal_spi_configure_device_mode)
    hal_spi_configure_direction              0x080004cd   Thumb Code    22  hal_spi_driver.o(i.hal_spi_configure_direction)
    hal_spi_configure_nss_master             0x080004e3   Thumb Code    22  hal_spi_driver.o(i.hal_spi_configure_nss_master)
    hal_spi_configure_nss_slave              0x080004f9   Thumb Code    22  hal_spi_driver.o(i.hal_spi_configure_nss_slave)
    hal_spi_configure_phase_and_polarity     0x0800050f   Thumb Code    42  hal_spi_driver.o(i.hal_spi_configure_phase_and_polarity)
    hal_spi_enable                           0x0800054d   Thumb Code    18  hal_spi_driver.o(i.hal_spi_enable)
    hal_spi_handle_tx_interrupt              0x080005b5   Thumb Code    60  hal_spi_driver.o(i.hal_spi_handle_tx_interrupt)
    hal_spi_init                             0x080005f1   Thumb Code    74  hal_spi_driver.o(i.hal_spi_init)
    hal_spi_irq_handler                      0x0800063b   Thumb Code    68  hal_spi_driver.o(i.hal_spi_irq_handler)
    hal_spi_is_bus_busy                      0x0800067f   Thumb Code    18  hal_spi_driver.o(i.hal_spi_is_bus_busy)
    hal_spi_master_rx                        0x08000691   Thumb Code    60  hal_spi_driver.o(i.hal_spi_master_rx)
    hal_spi_master_tx                        0x080006d1   Thumb Code    40  hal_spi_driver.o(i.hal_spi_master_tx)
    led_init                                 0x08000719   Thumb Code    58  led.o(i.led_init)
    led_toggle                               0x0800075d   Thumb Code    40  led.o(i.led_toggle)
    led_turn_off                             0x08000785   Thumb Code    18  led.o(i.led_turn_off)
    led_turn_on                              0x08000797   Thumb Code    18  led.o(i.led_turn_on)
    main                                     0x080007a9   Thumb Code   280  spi_master.o(i.main)
    spi_gpio_init                            0x080008d5   Thumb Code   108  spi_master.o(i.spi_gpio_init)
    Region$$Table$$Base                      0x08000948   Number         0  anon$$obj.o(Region$$Table)
    Region$$Table$$Limit                     0x08000968   Number         0  anon$$obj.o(Region$$Table)
    dummu_tx                                 0x20000000   Data           2  hal_spi_driver.o(.data)
    TestReady                                0x20000004   Data           4  spi_master.o(.data)
    slave_reply_data                         0x20000008   Data           4  spi_master.o(.data)
    master_write_data                        0x2000000c   Data           4  spi_master.o(.data)
    master_read_buffer                       0x20000010   Data           4  spi_master.o(.data)
    SpiHandle                                0x20000014   Data          56  spi_master.o(.bss)
    __initial_sp                             0x20000450   Data           0  startup_stm32f429xx.o(STACK)



==============================================================================

Memory Map of the image

  Image Entry point : 0x080001c1

  Load Region LR_1 (Base: 0x08000000, Size: 0x0000097c, Max: 0xffffffff, ABSOLUTE)

    Execution Region ER_RO (Exec base: 0x08000000, Load base: 0x08000000, Size: 0x00000968, Max: 0xffffffff, ABSOLUTE)

    Exec Addr    Load Addr    Size         Type   Attr      Idx    E Section Name        Object

    0x08000000   0x08000000   0x000001ac   Data   RO          482    RESET               startup_stm32f429xx.o
    0x080001ac   0x080001ac   0x00000000   Code   RO          528  * .ARM.Collect$$$$00000000  mc_w.l(entry.o)
    0x080001ac   0x080001ac   0x00000004   Code   RO          538    .ARM.Collect$$$$00000001  mc_w.l(entry2.o)
    0x080001b0   0x080001b0   0x00000004   Code   RO          541    .ARM.Collect$$$$00000004  mc_w.l(entry5.o)
    0x080001b4   0x080001b4   0x00000000   Code   RO          543    .ARM.Collect$$$$00000008  mc_w.l(entry7b.o)
    0x080001b4   0x080001b4   0x00000000   Code   RO          545    .ARM.Collect$$$$0000000A  mc_w.l(entry8b.o)
    0x080001b4   0x080001b4   0x00000008   Code   RO          546    .ARM.Collect$$$$0000000B  mc_w.l(entry9a.o)
    0x080001bc   0x080001bc   0x00000000   Code   RO          548    .ARM.Collect$$$$0000000D  mc_w.l(entry10a.o)
    0x080001bc   0x080001bc   0x00000000   Code   RO          550    .ARM.Collect$$$$0000000F  mc_w.l(entry11a.o)
    0x080001bc   0x080001bc   0x00000004   Code   RO          539    .ARM.Collect$$$$00002712  mc_w.l(entry2.o)
    0x080001c0   0x080001c0   0x00000024   Code   RO          483  * .text               startup_stm32f429xx.o
    0x080001e4   0x080001e4   0x00000024   Code   RO          552    .text               mc_w.l(init.o)
    0x08000208   0x08000208   0x00000014   Code   RO          287    i.EXTI0_IRQHandler  spi_master.o
    0x0800021c   0x0800021c   0x00000010   Code   RO          288    i.SPI4_IRQHandler   spi_master.o
    0x0800022c   0x0800022c   0x00000064   Code   RO          491    i.SystemInit        system_stm32f4xx.o
    0x08000290   0x08000290   0x0000000e   Code   RO          556    i.__scatterload_copy  mc_w.l(handlers.o)
    0x0800029e   0x0800029e   0x00000002   Code   RO          557    i.__scatterload_null  mc_w.l(handlers.o)
    0x080002a0   0x080002a0   0x0000000e   Code   RO          558    i.__scatterload_zeroinit  mc_w.l(handlers.o)
    0x080002ae   0x080002ae   0x00000002   PAD
    0x080002b0   0x080002b0   0x00000014   Code   RO          289    i.assert_error      spi_master.o
    0x080002c4   0x080002c4   0x00000014   Code   RO          290    i.delay_gen         spi_master.o
    0x080002d8   0x080002d8   0x00000020   Code   RO            4    i.hal_gpio_clear_interrupt  hal_gpio_driver.o
    0x080002f8   0x080002f8   0x00000054   Code   RO            5    i.hal_gpio_configure_interrupt  hal_gpio_driver.o
    0x0800034c   0x0800034c   0x00000010   Code   RO            6    i.hal_gpio_configure_pin_mode  hal_gpio_driver.o
    0x0800035c   0x0800035c   0x0000000e   Code   RO            7    i.hal_gpio_configure_pin_otype  hal_gpio_driver.o
    0x0800036a   0x0800036a   0x00000010   Code   RO            8    i.hal_gpio_configure_pin_pupd  hal_gpio_driver.o
    0x0800037a   0x0800037a   0x00000010   Code   RO            9    i.hal_gpio_configure_pin_speed  hal_gpio_driver.o
    0x0800038a   0x0800038a   0x00000002   PAD
    0x0800038c   0x0800038c   0x00000034   Code   RO           10    i.hal_gpio_enable_interrupt  hal_gpio_driver.o
    0x080003c0   0x080003c0   0x00000038   Code   RO           11    i.hal_gpio_init     hal_gpio_driver.o
    0x080003f8   0x080003f8   0x0000000c   Code   RO           12    i.hal_gpio_read_from_pin  hal_gpio_driver.o
    0x08000404   0x08000404   0x00000030   Code   RO           13    i.hal_gpio_set_alt_function  hal_gpio_driver.o
    0x08000434   0x08000434   0x0000001c   Code   RO           14    i.hal_gpio_write_to_pin  hal_gpio_driver.o
    0x08000450   0x08000450   0x0000001e   Code   RO          120    i.hal_spi_close_rx_interrupt  hal_spi_driver.o
    0x0800046e   0x0800046e   0x00000002   PAD
    0x08000470   0x08000470   0x0000001c   Code   RO          121    i.hal_spi_configure_baudrate  hal_spi_driver.o
    0x0800048c   0x0800048c   0x0000002a   Code   RO          122    i.hal_spi_configure_datasize  hal_spi_driver.o
    0x080004b6   0x080004b6   0x00000016   Code   RO          123    i.hal_spi_configure_device_mode  hal_spi_driver.o
    0x080004cc   0x080004cc   0x00000016   Code   RO          124    i.hal_spi_configure_direction  hal_spi_driver.o
    0x080004e2   0x080004e2   0x00000016   Code   RO          125    i.hal_spi_configure_nss_master  hal_spi_driver.o
    0x080004f8   0x080004f8   0x00000016   Code   RO          126    i.hal_spi_configure_nss_slave  hal_spi_driver.o
    0x0800050e   0x0800050e   0x0000002a   Code   RO          127    i.hal_spi_configure_phase_and_polarity  hal_spi_driver.o
    0x08000538   0x08000538   0x0000000a   Code   RO          129    i.hal_spi_disable_rxne_interrupt  hal_spi_driver.o
    0x08000542   0x08000542   0x0000000a   Code   RO          130    i.hal_spi_disable_txe_interrupt  hal_spi_driver.o
    0x0800054c   0x0800054c   0x00000012   Code   RO          131    i.hal_spi_enable    hal_spi_driver.o
    0x0800055e   0x0800055e   0x0000000a   Code   RO          132    i.hal_spi_enable_rxne_interrupt  hal_spi_driver.o
    0x08000568   0x08000568   0x0000000a   Code   RO          133    i.hal_spi_enable_txe_interrupt  hal_spi_driver.o
    0x08000572   0x08000572   0x00000042   Code   RO          134    i.hal_spi_handle_rx_interrupt  hal_spi_driver.o
    0x080005b4   0x080005b4   0x0000003c   Code   RO          135    i.hal_spi_handle_tx_interrupt  hal_spi_driver.o
    0x080005f0   0x080005f0   0x0000004a   Code   RO          136    i.hal_spi_init      hal_spi_driver.o
    0x0800063a   0x0800063a   0x00000044   Code   RO          137    i.hal_spi_irq_handler  hal_spi_driver.o
    0x0800067e   0x0800067e   0x00000012   Code   RO          138    i.hal_spi_is_bus_busy  hal_spi_driver.o
    0x08000690   0x08000690   0x00000040   Code   RO          139    i.hal_spi_master_rx  hal_spi_driver.o
    0x080006d0   0x080006d0   0x00000028   Code   RO          140    i.hal_spi_master_tx  hal_spi_driver.o
    0x080006f8   0x080006f8   0x0000001e   Code   RO          143    i.hal_spi_tx_close_interrupt  hal_spi_driver.o
    0x08000716   0x08000716   0x00000002   PAD
    0x08000718   0x08000718   0x00000044   Code   RO          368    i.led_init          led.o
    0x0800075c   0x0800075c   0x00000028   Code   RO          369    i.led_toggle        led.o
    0x08000784   0x08000784   0x00000012   Code   RO          370    i.led_turn_off      led.o
    0x08000796   0x08000796   0x00000012   Code   RO          371    i.led_turn_on       led.o
    0x080007a8   0x080007a8   0x0000012c   Code   RO          291    i.main              spi_master.o
    0x080008d4   0x080008d4   0x00000074   Code   RO          292    i.spi_gpio_init     spi_master.o
    0x08000948   0x08000948   0x00000020   Data   RO          554    Region$$Table       anon$$obj.o


    Execution Region ER_RW (Exec base: 0x20000000, Load base: 0x08000968, Size: 0x00000014, Max: 0xffffffff, ABSOLUTE)

    Exec Addr    Load Addr    Size         Type   Attr      Idx    E Section Name        Object

    0x20000000   0x08000968   0x00000002   Data   RW          145    .data               hal_spi_driver.o
    0x20000002   0x0800096a   0x00000002   PAD
    0x20000004   0x0800096c   0x00000010   Data   RW          294    .data               spi_master.o


    Execution Region ER_ZI (Exec base: 0x20000014, Load base: 0x0800097c, Size: 0x0000043c, Max: 0xffffffff, ABSOLUTE)

    Exec Addr    Load Addr    Size         Type   Attr      Idx    E Section Name        Object

    0x20000014        -       0x00000038   Zero   RW          293    .bss                spi_master.o
    0x2000004c   0x0800097c   0x00000004   PAD
    0x20000050        -       0x00000400   Zero   RW          480    STACK               startup_stm32f429xx.o


==============================================================================

Image component sizes


      Code (inc. data)   RO Data    RW Data    ZI Data      Debug   Object Name

       374         12          0          0          0     645412   hal_gpio_driver.o
       708          8          0          2          0      14870   hal_spi_driver.o
       144         10          0          0          0       2473   led.o
       492         48          0         16         56     639406   spi_master.o
        36          8        428          0       1024        840   startup_stm32f429xx.o
       100         18          0          0          0        509   system_stm32f4xx.o

    ----------------------------------------------------------------------
      1860        104        460         20       1084    1303510   Object Totals
         0          0         32          0          0          0   (incl. Generated)
         6          0          0          2          4          0   (incl. Padding)

    ----------------------------------------------------------------------

      Code (inc. data)   RO Data    RW Data    ZI Data      Debug   Library Member Name

         0          0          0          0          0          0   entry.o
         0          0          0          0          0          0   entry10a.o
         0          0          0          0          0          0   entry11a.o
         8          4          0          0          0          0   entry2.o
         4          0          0          0          0          0   entry5.o
         0          0          0          0          0          0   entry7b.o
         0          0          0          0          0          0   entry8b.o
         8          4          0          0          0          0   entry9a.o
        30          0          0          0          0          0   handlers.o
        36          8          0          0          0         68   init.o

    ----------------------------------------------------------------------
        88         16          0          0          0         68   Library Totals
         2          0          0          0          0          0   (incl. Padding)

    ----------------------------------------------------------------------

      Code (inc. data)   RO Data    RW Data    ZI Data      Debug   Library Name

        86         16          0          0          0         68   mc_w.l

    ----------------------------------------------------------------------
        88         16          0          0          0         68   Library Totals

    ----------------------------------------------------------------------

==============================================================================


      Code (inc. data)   RO Data    RW Data    ZI Data      Debug   

      1948        120        460         20       1084    1299882   Grand Totals
      1948        120        460         20       1084    1299882   ELF Image Totals
      1948        120        460         20          0          0   ROM Totals

==============================================================================

    Total RO  Size (Code + RO Data)                 2408 (   2.35kB)
    Total RW  Size (RW Data + ZI Data)              1104 (   1.08kB)
    Total ROM Size (Code + RO Data + RW Data)       2428 (   2.37kB)

==============================================================================

